2025-03-19T14:03:52.971Z error: Error getting user id: Cannot set headers after they are sent to the client
2025-03-19T14:03:52.971Z error: Error getting user id: Cannot set headers after they are sent to the client
2025-03-19T14:15:10.222Z error: Error getting user id: getaddrinfo ENOTFOUND cluster0-shard-00-02.dvozn.mongodb.net
2025-03-19T14:15:10.222Z error: Error getting user id: getaddrinfo ENOTFOUND cluster0-shard-00-02.dvozn.mongodb.net
2025-03-19T14:15:15.080Z error: Error getting user id: getaddrinfo ENOTFOUND cluster0-shard-00-02.dvozn.mongodb.net
2025-03-19T14:15:15.080Z error: Error getting user id: getaddrinfo ENOTFOUND cluster0-shard-00-02.dvozn.mongodb.net
2025-03-19T14:15:21.372Z error: Error getting user id: getaddrinfo ENOTFOUND cluster0-shard-00-02.dvozn.mongodb.net
2025-03-19T14:15:21.372Z error: Error getting user id: getaddrinfo ENOTFOUND cluster0-shard-00-02.dvozn.mongodb.net
2025-03-19T16:41:27.784Z error: Error cancelling order
2025-03-19T16:41:27.784Z error: Error cancelling order
2025-03-19T16:42:01.326Z error: Error occured during creating order order validation failed: IsCancelled: Cast to Boolean failed for value "{
  message: 'Cannot cancel order when shipment status is Cancellation Requested',
  status_code: 400
}" (type Object) at path "IsCancelled" because of "CastError"
2025-03-19T16:42:01.326Z error: Error occured during creating order order validation failed: IsCancelled: Cast to Boolean failed for value "{
  message: 'Cannot cancel order when shipment status is Cancellation Requested',
  status_code: 400
}" (type Object) at path "IsCancelled" because of "CastError"
2025-03-19T17:33:25.349Z error: Error fetching Category Banners: Operation `category.banners.find()` buffering timed out after 10000ms
2025-03-19T17:33:25.349Z error: Error fetching Category Banners: Operation `category.banners.find()` buffering timed out after 10000ms
2025-03-19T17:33:25.355Z error: Error Fetching Options Operation `options.find()` buffering timed out after 10000ms
2025-03-19T17:33:25.355Z error: Error Fetching Options Operation `options.find()` buffering timed out after 10000ms
2025-03-19T17:33:28.275Z error: Error getting Banners: Operation `banner.images.find()` buffering timed out after 10000ms
2025-03-19T17:33:28.275Z error: Error getting Banners: Operation `banner.images.find()` buffering timed out after 10000ms
