2025-04-03T07:14:24.495Z error: Error occured during checking availability Cannot read properties of undefined (reading 'length')
2025-04-03T07:14:24.495Z error: Error occured during checking availability Cannot read properties of undefined (reading 'length')
2025-04-03T07:14:32.537Z error: Error occured during checking availability Cannot read properties of undefined (reading 'length')
2025-04-03T07:14:32.537Z error: Error occured during checking availability Cannot read properties of undefined (reading 'length')
2025-04-03T07:15:49.713Z error: Error occured during login websiteData validation failed: CouponBannerData: Path `CouponBannerData` is required., ContactUsePageData: Path `ContactUsePageData` is required., privacyPolicy: Path `privacyPolicy` is required., termsAndCondition: Path `termsAndCondition` is required., AboutData: Path `AboutData` is required.
2025-04-03T07:15:49.713Z error: Error occured during login websiteData validation failed: CouponBannerData: Path `CouponBannerData` is required., ContactUsePageData: Path `ContactUsePageData` is required., privacyPolicy: Path `privacyPolicy` is required., termsAndCondition: Path `termsAndCondition` is required., AboutData: Path `AboutData` is required.
2025-04-03T07:16:24.636Z error: Error occured during login websiteData validation failed: CouponBannerData: Path `CouponBannerData` is required., ContactUsePageData: Path `ContactUsePageData` is required., privacyPolicy: Path `privacyPolicy` is required., termsAndCondition: Path `termsAndCondition` is required., AboutData: Path `AboutData` is required.
2025-04-03T07:16:24.636Z error: Error occured during login websiteData validation failed: CouponBannerData: Path `CouponBannerData` is required., ContactUsePageData: Path `ContactUsePageData` is required., privacyPolicy: Path `privacyPolicy` is required., termsAndCondition: Path `termsAndCondition` is required., AboutData: Path `AboutData` is required.
2025-04-03T07:17:33.465Z error: Error occurred during login websiteData validation failed: CouponBannerData: Path `CouponBannerData` is required., ContactUsePageData: Path `ContactUsePageData` is required., privacyPolicy: Path `privacyPolicy` is required., termsAndCondition: Path `termsAndCondition` is required., AboutData: Path `AboutData` is required.
2025-04-03T07:17:33.465Z error: Error occurred during login websiteData validation failed: CouponBannerData: Path `CouponBannerData` is required., ContactUsePageData: Path `ContactUsePageData` is required., privacyPolicy: Path `privacyPolicy` is required., termsAndCondition: Path `termsAndCondition` is required., AboutData: Path `AboutData` is required.
2025-04-03T07:18:06.865Z error: Error occurred during login websiteData validation failed: CouponBannerData: Path `CouponBannerData` is required., ContactUsePageData: Path `ContactUsePageData` is required., privacyPolicy: Path `privacyPolicy` is required., termsAndCondition: Path `termsAndCondition` is required., AboutData: Path `AboutData` is required.
2025-04-03T07:18:06.865Z error: Error occurred during login websiteData validation failed: CouponBannerData: Path `CouponBannerData` is required., ContactUsePageData: Path `ContactUsePageData` is required., privacyPolicy: Path `privacyPolicy` is required., termsAndCondition: Path `termsAndCondition` is required., AboutData: Path `AboutData` is required.
2025-04-03T07:19:03.602Z error: Error occurred during login websiteData validation failed: CouponBannerData: Path `CouponBannerData` is required., ContactUsePageData: Path `ContactUsePageData` is required., privacyPolicy: Path `privacyPolicy` is required., termsAndCondition: Path `termsAndCondition` is required., AboutData: Path `AboutData` is required.
2025-04-03T07:19:03.602Z error: Error occurred during login websiteData validation failed: CouponBannerData: Path `CouponBannerData` is required., ContactUsePageData: Path `ContactUsePageData` is required., privacyPolicy: Path `privacyPolicy` is required., termsAndCondition: Path `termsAndCondition` is required., AboutData: Path `AboutData` is required.
2025-04-03T07:22:31.821Z error: Error occurred during login websiteData validation failed: termsAndCondition: Path `termsAndCondition` is required.
2025-04-03T07:22:31.821Z error: Error occurred during login websiteData validation failed: termsAndCondition: Path `termsAndCondition` is required.
2025-04-03T07:37:36.353Z error: Error occurred during login logInTime.getDate is not a function
2025-04-03T07:37:36.353Z error: Error occurred during login logInTime.getDate is not a function
2025-04-03T07:38:01.937Z error: Error occurred during login websiteData validation failed: ShiprocketToken: Cast to string failed for value "{
  token: 'eyJhbGciOiJIUzI1NiIsInR5cCI6IkpXVCJ9.eyJzdWIiOjU5MDgzNjYsInNvdXJjZSI6InNyLWF1dGgtaW50IiwiZXhwIjoxNzQ0NTI5ODU2LCJqdGkiOiJmbkZ6d3hDM3VzYmJvcmF2IiwiaWF0IjoxNzQzNjY1ODU2LCJpc3MiOiJodHRwczovL3NyLWF1dGguc2hpcHJvY2tldC5pbi9hdXRob3JpemUvdXNlciIsIm5iZiI6MTc0MzY2NTg1NiwiY2lkIjo1NjUyNjQ5LCJ0YyI6MzYwLCJ2ZXJib3NlIjpmYWxzZSwidmVuZG9yX2lkIjowLCJ2ZW5kb3JfY29kZSI6IiJ9.5Vk6fGgKmTh7CcyGABJmf0D1KXsplfX0Aq7ouIv7reg',
  expiringTime: '2025-04-13T07:38:01.912Z'
}" (type Object) at path "ShiprocketToken"
2025-04-03T07:38:01.937Z error: Error occurred during login websiteData validation failed: ShiprocketToken: Cast to string failed for value "{
  token: 'eyJhbGciOiJIUzI1NiIsInR5cCI6IkpXVCJ9.eyJzdWIiOjU5MDgzNjYsInNvdXJjZSI6InNyLWF1dGgtaW50IiwiZXhwIjoxNzQ0NTI5ODU2LCJqdGkiOiJmbkZ6d3hDM3VzYmJvcmF2IiwiaWF0IjoxNzQzNjY1ODU2LCJpc3MiOiJodHRwczovL3NyLWF1dGguc2hpcHJvY2tldC5pbi9hdXRob3JpemUvdXNlciIsIm5iZiI6MTc0MzY2NTg1NiwiY2lkIjo1NjUyNjQ5LCJ0YyI6MzYwLCJ2ZXJib3NlIjpmYWxzZSwidmVuZG9yX2lkIjowLCJ2ZW5kb3JfY29kZSI6IiJ9.5Vk6fGgKmTh7CcyGABJmf0D1KXsplfX0Aq7ouIv7reg',
  expiringTime: '2025-04-13T07:38:01.912Z'
}" (type Object) at path "ShiprocketToken"
2025-04-03T08:01:12.073Z info: Server running on http://localhost:8004
2025-04-03T08:01:12.073Z info: Server running on http://localhost:8004
2025-04-03T08:01:18.280Z info: Server running on http://localhost:8004
2025-04-03T08:01:18.280Z info: Server running on http://localhost:8004
2025-04-03T08:01:49.137Z info: Server running on http://localhost:8004
2025-04-03T08:01:49.137Z info: Server running on http://localhost:8004
2025-04-03T08:01:58.617Z info: Server running on http://localhost:8004
2025-04-03T08:01:58.617Z info: Server running on http://localhost:8004
2025-04-03T08:02:06.861Z info: Server running on http://localhost:8004
2025-04-03T08:02:06.861Z info: Server running on http://localhost:8004
2025-04-03T08:02:11.436Z info: Server running on http://localhost:8004
2025-04-03T08:02:11.436Z info: Server running on http://localhost:8004
2025-04-03T08:03:49.708Z info: Server running on http://localhost:8004
2025-04-03T08:03:49.708Z info: Server running on http://localhost:8004
2025-04-03T08:05:37.858Z info: Server running on http://localhost:8004
2025-04-03T08:05:37.858Z info: Server running on http://localhost:8004
2025-04-03T08:05:59.652Z info: Server running on http://localhost:8004
2025-04-03T08:05:59.652Z info: Server running on http://localhost:8004
2025-04-03T08:06:23.250Z info: Server running on http://localhost:8004
2025-04-03T08:06:23.250Z info: Server running on http://localhost:8004
2025-04-03T08:06:44.169Z info: Server running on http://localhost:8004
2025-04-03T08:06:44.169Z info: Server running on http://localhost:8004
2025-04-03T08:20:15.061Z info: Server running on http://localhost:8004
2025-04-03T08:20:15.061Z info: Server running on http://localhost:8004
2025-04-03T08:20:27.921Z info: Server running on http://localhost:8004
2025-04-03T08:20:27.921Z info: Server running on http://localhost:8004
2025-04-03T08:36:31.379Z info: Server running on http://localhost:8004
2025-04-03T08:36:31.379Z info: Server running on http://localhost:8004
2025-04-03T08:39:36.782Z info: Server running on http://localhost:8004
2025-04-03T08:39:36.782Z info: Server running on http://localhost:8004
2025-04-03T08:39:52.173Z info: Server running on http://localhost:8004
2025-04-03T08:39:52.173Z info: Server running on http://localhost:8004
2025-04-03T08:52:43.323Z info: Server running on http://localhost:8004
2025-04-03T08:52:43.323Z info: Server running on http://localhost:8004
2025-04-03T08:52:48.427Z info: Server running on http://localhost:8004
2025-04-03T08:52:48.427Z info: Server running on http://localhost:8004
2025-04-03T08:52:58.657Z info: Server running on http://localhost:8004
2025-04-03T08:52:58.657Z info: Server running on http://localhost:8004
2025-04-03T08:59:57.390Z info: Server running on http://localhost:8004
2025-04-03T08:59:57.390Z info: Server running on http://localhost:8004
2025-04-03T09:00:49.089Z info: Server running on http://localhost:8004
2025-04-03T09:00:49.089Z info: Server running on http://localhost:8004
2025-04-03T09:01:15.466Z info: Server running on http://localhost:8004
2025-04-03T09:01:15.466Z info: Server running on http://localhost:8004
2025-04-03T09:01:23.446Z info: Server running on http://localhost:8004
2025-04-03T09:01:23.446Z info: Server running on http://localhost:8004
2025-04-03T09:01:30.642Z info: Server running on http://localhost:8004
2025-04-03T09:01:30.642Z info: Server running on http://localhost:8004
2025-04-03T09:02:06.876Z info: Server running on http://localhost:8004
2025-04-03T09:02:06.876Z info: Server running on http://localhost:8004
2025-04-03T09:02:09.778Z info: Server running on http://localhost:8004
2025-04-03T09:02:09.778Z info: Server running on http://localhost:8004
2025-04-03T09:02:28.360Z info: Server running on http://localhost:8004
2025-04-03T09:02:28.360Z info: Server running on http://localhost:8004
2025-04-03T09:02:42.706Z info: Server running on http://localhost:8004
2025-04-03T09:02:42.706Z info: Server running on http://localhost:8004
2025-04-03T09:06:48.253Z info: Server running on http://localhost:8004
2025-04-03T09:06:48.253Z info: Server running on http://localhost:8004
2025-04-03T09:07:47.280Z info: Server running on http://localhost:8004
2025-04-03T09:07:47.280Z info: Server running on http://localhost:8004
2025-04-03T09:08:06.563Z info: Server running on http://localhost:8004
2025-04-03T09:08:06.563Z info: Server running on http://localhost:8004
2025-04-03T09:08:11.262Z info: Server running on http://localhost:8004
2025-04-03T09:08:11.262Z info: Server running on http://localhost:8004
2025-04-03T09:08:42.170Z info: Server running on http://localhost:8004
2025-04-03T09:08:42.170Z info: Server running on http://localhost:8004
2025-04-03T09:08:52.064Z info: Server running on http://localhost:8004
2025-04-03T09:08:52.064Z info: Server running on http://localhost:8004
2025-04-03T09:09:37.983Z info: Server running on http://localhost:8004
2025-04-03T09:09:37.983Z info: Server running on http://localhost:8004
2025-04-03T09:11:25.592Z info: Server running on http://localhost:8004
2025-04-03T09:11:25.592Z info: Server running on http://localhost:8004
2025-04-03T09:11:29.105Z info: Server running on http://localhost:8004
2025-04-03T09:11:29.105Z info: Server running on http://localhost:8004
2025-04-03T09:11:34.191Z info: Server running on http://localhost:8004
2025-04-03T09:11:34.191Z info: Server running on http://localhost:8004
2025-04-03T09:11:38.000Z info: Server running on http://localhost:8004
2025-04-03T09:11:38.000Z info: Server running on http://localhost:8004
2025-04-03T09:11:45.441Z info: Server running on http://localhost:8004
2025-04-03T09:11:45.441Z info: Server running on http://localhost:8004
2025-04-03T09:12:01.897Z info: Server running on http://localhost:8004
2025-04-03T09:12:01.897Z info: Server running on http://localhost:8004
2025-04-03T09:12:30.183Z info: Server running on http://localhost:8004
2025-04-03T09:12:30.183Z info: Server running on http://localhost:8004
2025-04-03T09:13:12.040Z info: Server running on http://localhost:8004
2025-04-03T09:13:12.040Z info: Server running on http://localhost:8004
2025-04-03T09:13:22.629Z info: Server running on http://localhost:8004
2025-04-03T09:13:22.629Z info: Server running on http://localhost:8004
2025-04-03T09:13:42.748Z info: Server running on http://localhost:8004
2025-04-03T09:13:42.748Z info: Server running on http://localhost:8004
2025-04-03T09:13:49.011Z info: Server running on http://localhost:8004
2025-04-03T09:13:49.011Z info: Server running on http://localhost:8004
2025-04-03T09:14:26.988Z info: Server running on http://localhost:8004
2025-04-03T09:14:26.988Z info: Server running on http://localhost:8004
2025-04-03T09:15:01.957Z info: Server running on http://localhost:8004
2025-04-03T09:15:01.957Z info: Server running on http://localhost:8004
2025-04-03T09:15:24.975Z info: Server running on http://localhost:8004
2025-04-03T09:15:24.975Z info: Server running on http://localhost:8004
2025-04-03T09:15:57.127Z info: Server running on http://localhost:8004
2025-04-03T09:15:57.127Z info: Server running on http://localhost:8004
2025-04-03T09:16:13.194Z info: Server running on http://localhost:8004
2025-04-03T09:16:13.194Z info: Server running on http://localhost:8004
2025-04-03T09:16:32.083Z info: Server running on http://localhost:8004
2025-04-03T09:16:32.083Z info: Server running on http://localhost:8004
2025-04-03T09:17:47.815Z info: Server running on http://localhost:8004
2025-04-03T09:17:47.815Z info: Server running on http://localhost:8004
2025-04-03T09:18:02.052Z info: Server running on http://localhost:8004
2025-04-03T09:18:02.052Z info: Server running on http://localhost:8004
2025-04-03T09:18:14.825Z info: Server running on http://localhost:8004
2025-04-03T09:18:14.825Z info: Server running on http://localhost:8004
2025-04-03T09:19:23.690Z info: Server running on http://localhost:8004
2025-04-03T09:19:23.690Z info: Server running on http://localhost:8004
2025-04-03T09:20:03.767Z info: Server running on http://localhost:8004
2025-04-03T09:20:03.767Z info: Server running on http://localhost:8004
2025-04-03T09:21:03.085Z info: Server running on http://localhost:8004
2025-04-03T09:21:03.085Z info: Server running on http://localhost:8004
2025-04-03T09:22:18.549Z info: Server running on http://localhost:8004
2025-04-03T09:22:18.549Z info: Server running on http://localhost:8004
2025-04-03T09:23:29.345Z info: Server running on http://localhost:8004
2025-04-03T09:23:29.345Z info: Server running on http://localhost:8004
2025-04-03T09:23:41.331Z info: Server running on http://localhost:8004
2025-04-03T09:23:41.331Z info: Server running on http://localhost:8004
2025-04-03T09:23:55.207Z info: Server running on http://localhost:8004
2025-04-03T09:23:55.207Z info: Server running on http://localhost:8004
2025-04-03T09:24:06.440Z info: Server running on http://localhost:8004
2025-04-03T09:24:06.440Z info: Server running on http://localhost:8004
2025-04-03T09:25:08.362Z info: Server running on http://localhost:8004
2025-04-03T09:25:08.362Z info: Server running on http://localhost:8004
2025-04-03T09:26:06.242Z error: Error Fetching Products: Cast to Number failed for value "[ '1999', '1999' ]" (type Array) at path "price" for model "product"
2025-04-03T09:26:06.242Z error: Error Fetching Products: Cast to Number failed for value "[ '1999', '1999' ]" (type Array) at path "price" for model "product"
2025-04-03T09:26:20.181Z error: Error Fetching Products: Cast to Number failed for value "[ '1999', '1999' ]" (type Array) at path "price" for model "product"
2025-04-03T09:26:20.181Z error: Error Fetching Products: Cast to Number failed for value "[ '1999', '1999' ]" (type Array) at path "price" for model "product"
2025-04-03T09:26:46.232Z error: Error Fetching Products: Cast to Number failed for value "[ '1999', '1999' ]" (type Array) at path "price" for model "product"
2025-04-03T09:26:46.232Z error: Error Fetching Products: Cast to Number failed for value "[ '1999', '1999' ]" (type Array) at path "price" for model "product"
2025-04-03T09:28:09.677Z info: Server running on http://localhost:8004
2025-04-03T09:28:09.677Z info: Server running on http://localhost:8004
2025-04-03T09:28:14.115Z error: Error Fetching Products: Cast to Number failed for value "[ '1999', '1999' ]" (type Array) at path "price" for model "product"
2025-04-03T09:28:14.115Z error: Error Fetching Products: Cast to Number failed for value "[ '1999', '1999' ]" (type Array) at path "price" for model "product"
2025-04-03T09:29:31.796Z info: Server running on http://localhost:8004
2025-04-03T09:29:31.796Z info: Server running on http://localhost:8004
2025-04-03T09:29:35.673Z error: Error Fetching Products: req.query.sellingPrice.includes is not a function
2025-04-03T09:29:35.673Z error: Error Fetching Products: req.query.sellingPrice.includes is not a function
2025-04-03T09:30:37.100Z info: Server running on http://localhost:8004
2025-04-03T09:30:37.100Z info: Server running on http://localhost:8004
2025-04-03T09:30:40.144Z info: Server running on http://localhost:8004
2025-04-03T09:30:40.144Z info: Server running on http://localhost:8004
2025-04-03T09:33:44.903Z info: Server running on http://localhost:8004
2025-04-03T09:33:44.903Z info: Server running on http://localhost:8004
2025-04-03T09:33:53.684Z info: Server running on http://localhost:8004
2025-04-03T09:33:53.684Z info: Server running on http://localhost:8004
2025-04-03T09:35:09.253Z info: Server running on http://localhost:8004
2025-04-03T09:35:09.253Z info: Server running on http://localhost:8004
2025-04-03T09:36:49.020Z info: Server running on http://localhost:8004
2025-04-03T09:36:49.020Z info: Server running on http://localhost:8004
2025-04-03T09:37:10.779Z info: Server running on http://localhost:8004
2025-04-03T09:37:10.779Z info: Server running on http://localhost:8004
2025-04-03T09:38:00.557Z info: Server running on http://localhost:8004
2025-04-03T09:38:00.557Z info: Server running on http://localhost:8004
2025-04-03T09:40:50.591Z info: Server running on http://localhost:8004
2025-04-03T09:40:50.591Z info: Server running on http://localhost:8004
2025-04-03T09:40:55.268Z info: Server running on http://localhost:8004
2025-04-03T09:40:55.268Z info: Server running on http://localhost:8004
2025-04-03T09:41:01.652Z info: Server running on http://localhost:8004
2025-04-03T09:41:01.652Z info: Server running on http://localhost:8004
2025-04-03T09:44:52.471Z info: Server running on http://localhost:8004
2025-04-03T09:44:52.471Z info: Server running on http://localhost:8004
2025-04-03T09:45:24.418Z info: Server running on http://localhost:8004
2025-04-03T09:45:24.418Z info: Server running on http://localhost:8004
2025-04-03T09:45:32.783Z info: Server running on http://localhost:8004
2025-04-03T09:45:32.783Z info: Server running on http://localhost:8004
2025-04-03T09:45:51.144Z info: Server running on http://localhost:8004
2025-04-03T09:45:51.144Z info: Server running on http://localhost:8004
2025-04-03T09:45:57.343Z info: Server running on http://localhost:8004
2025-04-03T09:45:57.343Z info: Server running on http://localhost:8004
2025-04-03T09:46:02.692Z info: Server running on http://localhost:8004
2025-04-03T09:46:02.692Z info: Server running on http://localhost:8004
2025-04-03T09:46:14.642Z info: Server running on http://localhost:8004
2025-04-03T09:46:14.642Z info: Server running on http://localhost:8004
2025-04-03T09:46:17.412Z info: Server running on http://localhost:8004
2025-04-03T09:46:17.412Z info: Server running on http://localhost:8004
2025-04-03T09:46:22.126Z info: Server running on http://localhost:8004
2025-04-03T09:46:22.126Z info: Server running on http://localhost:8004
2025-04-03T09:46:45.115Z info: Server running on http://localhost:8004
2025-04-03T09:46:45.115Z info: Server running on http://localhost:8004
2025-04-03T09:49:49.659Z info: Server running on http://localhost:8004
2025-04-03T09:49:49.659Z info: Server running on http://localhost:8004
2025-04-03T09:51:21.292Z info: Server running on http://localhost:8004
2025-04-03T09:51:21.292Z info: Server running on http://localhost:8004
2025-04-03T09:51:26.659Z info: Server running on http://localhost:8004
2025-04-03T09:51:26.659Z info: Server running on http://localhost:8004
2025-04-03T09:51:47.991Z info: Server running on http://localhost:8004
2025-04-03T09:51:47.991Z info: Server running on http://localhost:8004
2025-04-03T09:52:18.040Z info: Server running on http://localhost:8004
2025-04-03T09:52:18.040Z info: Server running on http://localhost:8004
2025-04-03T09:53:31.328Z info: Server running on http://localhost:8004
2025-04-03T09:53:31.328Z info: Server running on http://localhost:8004
2025-04-03T09:53:42.495Z info: Server running on http://localhost:8004
2025-04-03T09:53:42.495Z info: Server running on http://localhost:8004
2025-04-03T09:53:50.858Z info: Server running on http://localhost:8004
2025-04-03T09:53:50.858Z info: Server running on http://localhost:8004
2025-04-03T09:54:35.829Z info: Server running on http://localhost:8004
2025-04-03T09:54:35.829Z info: Server running on http://localhost:8004
2025-04-03T09:54:46.939Z info: Server running on http://localhost:8004
2025-04-03T09:54:46.939Z info: Server running on http://localhost:8004
2025-04-03T09:55:39.300Z info: Server running on http://localhost:8004
2025-04-03T09:55:39.300Z info: Server running on http://localhost:8004
2025-04-03T09:55:45.184Z info: Server running on http://localhost:8004
2025-04-03T09:55:45.184Z info: Server running on http://localhost:8004
2025-04-03T09:57:52.136Z info: Server running on http://localhost:8004
2025-04-03T09:57:52.136Z info: Server running on http://localhost:8004
2025-04-03T09:58:30.431Z info: Server running on http://localhost:8004
2025-04-03T09:58:30.431Z info: Server running on http://localhost:8004
2025-04-03T10:00:16.504Z info: Server running on http://localhost:8004
2025-04-03T10:00:16.504Z info: Server running on http://localhost:8004
2025-04-03T10:00:47.522Z info: Server running on http://localhost:8004
2025-04-03T10:00:47.522Z info: Server running on http://localhost:8004
2025-04-03T10:01:16.007Z info: Server running on http://localhost:8004
2025-04-03T10:01:16.007Z info: Server running on http://localhost:8004
2025-04-03T10:02:45.595Z info: Server running on http://localhost:8004
2025-04-03T10:02:45.595Z info: Server running on http://localhost:8004
2025-04-03T10:02:49.859Z info: Server running on http://localhost:8004
2025-04-03T10:02:49.859Z info: Server running on http://localhost:8004
2025-04-03T10:05:54.657Z info: Server running on http://localhost:8004
2025-04-03T10:05:54.657Z info: Server running on http://localhost:8004
2025-04-03T10:06:07.340Z info: Server running on http://localhost:8004
2025-04-03T10:06:07.340Z info: Server running on http://localhost:8004
2025-04-03T10:07:00.257Z info: Server running on http://localhost:8004
2025-04-03T10:07:00.257Z info: Server running on http://localhost:8004
2025-04-03T10:07:12.466Z info: Server running on http://localhost:8004
2025-04-03T10:07:12.466Z info: Server running on http://localhost:8004
2025-04-03T10:07:19.497Z info: Server running on http://localhost:8004
2025-04-03T10:07:19.497Z info: Server running on http://localhost:8004
2025-04-03T10:07:35.936Z info: Server running on http://localhost:8004
2025-04-03T10:07:35.936Z info: Server running on http://localhost:8004
2025-04-03T10:08:40.095Z info: Server running on http://localhost:8004
2025-04-03T10:08:40.095Z info: Server running on http://localhost:8004
2025-04-03T10:08:51.507Z info: Server running on http://localhost:8004
2025-04-03T10:08:51.507Z info: Server running on http://localhost:8004
2025-04-03T10:09:03.193Z info: Server running on http://localhost:8004
2025-04-03T10:09:03.193Z info: Server running on http://localhost:8004
2025-04-03T10:10:48.452Z info: Server running on http://localhost:8004
2025-04-03T10:10:48.452Z info: Server running on http://localhost:8004
2025-04-03T10:10:52.379Z info: Server running on http://localhost:8004
2025-04-03T10:10:52.379Z info: Server running on http://localhost:8004
2025-04-03T10:10:54.829Z info: Server running on http://localhost:8004
2025-04-03T10:10:54.829Z info: Server running on http://localhost:8004
2025-04-03T10:10:58.695Z info: Server running on http://localhost:8004
2025-04-03T10:10:58.695Z info: Server running on http://localhost:8004
2025-04-03T10:12:25.702Z info: Server running on http://localhost:8004
2025-04-03T10:12:25.702Z info: Server running on http://localhost:8004
2025-04-03T10:12:44.326Z info: Server running on http://localhost:8004
2025-04-03T10:12:44.326Z info: Server running on http://localhost:8004
2025-04-03T10:16:12.788Z info: Server running on http://localhost:8004
2025-04-03T10:16:12.788Z info: Server running on http://localhost:8004
2025-04-03T10:16:39.170Z info: Server running on http://localhost:8004
2025-04-03T10:16:39.170Z info: Server running on http://localhost:8004
2025-04-03T10:17:19.200Z info: Server running on http://localhost:8004
2025-04-03T10:17:19.200Z info: Server running on http://localhost:8004
2025-04-03T10:17:22.338Z info: Server running on http://localhost:8004
2025-04-03T10:17:22.338Z info: Server running on http://localhost:8004
2025-04-03T10:17:33.588Z info: Server running on http://localhost:8004
2025-04-03T10:17:33.588Z info: Server running on http://localhost:8004
2025-04-03T10:21:57.575Z info: Server running on http://localhost:8004
2025-04-03T10:21:57.575Z info: Server running on http://localhost:8004
2025-04-03T10:22:09.769Z info: Server running on http://localhost:8004
2025-04-03T10:22:09.769Z info: Server running on http://localhost:8004
2025-04-03T10:22:25.791Z info: Server running on http://localhost:8004
2025-04-03T10:22:25.791Z info: Server running on http://localhost:8004
2025-04-03T10:23:00.335Z info: Server running on http://localhost:8004
2025-04-03T10:23:00.335Z info: Server running on http://localhost:8004
2025-04-03T10:23:26.992Z info: Server running on http://localhost:8004
2025-04-03T10:23:26.992Z info: Server running on http://localhost:8004
2025-04-03T10:24:00.215Z info: Server running on http://localhost:8004
2025-04-03T10:24:00.215Z info: Server running on http://localhost:8004
2025-04-03T10:24:17.441Z info: Server running on http://localhost:8004
2025-04-03T10:24:17.441Z info: Server running on http://localhost:8004
2025-04-03T10:24:23.540Z info: Server running on http://localhost:8004
2025-04-03T10:24:23.540Z info: Server running on http://localhost:8004
2025-04-03T10:24:51.894Z info: Server running on http://localhost:8004
2025-04-03T10:24:51.894Z info: Server running on http://localhost:8004
2025-04-03T10:25:19.110Z info: Server running on http://localhost:8004
2025-04-03T10:25:19.110Z info: Server running on http://localhost:8004
2025-04-03T10:27:11.744Z info: Server running on http://localhost:8004
2025-04-03T10:27:11.744Z info: Server running on http://localhost:8004
2025-04-03T10:28:58.764Z info: Server running on http://localhost:8004
2025-04-03T10:28:58.764Z info: Server running on http://localhost:8004
2025-04-03T10:30:25.122Z info: Server running on http://localhost:8004
2025-04-03T10:30:25.122Z info: Server running on http://localhost:8004
2025-04-03T10:32:08.052Z info: Server running on http://localhost:8004
2025-04-03T10:32:08.052Z info: Server running on http://localhost:8004
2025-04-03T10:32:35.390Z info: Server running on http://localhost:8004
2025-04-03T10:32:35.390Z info: Server running on http://localhost:8004
2025-04-03T10:32:54.029Z info: Server running on http://localhost:8004
2025-04-03T10:32:54.029Z info: Server running on http://localhost:8004
2025-04-03T10:33:56.372Z info: Server running on http://localhost:8004
2025-04-03T10:33:56.372Z info: Server running on http://localhost:8004
2025-04-03T10:34:38.892Z info: Server running on http://localhost:8004
2025-04-03T10:34:38.892Z info: Server running on http://localhost:8004
2025-04-03T10:35:12.969Z info: Server running on http://localhost:8004
2025-04-03T10:35:12.969Z info: Server running on http://localhost:8004
2025-04-03T10:35:24.389Z info: Server running on http://localhost:8004
2025-04-03T10:35:24.389Z info: Server running on http://localhost:8004
2025-04-03T10:35:40.304Z info: Server running on http://localhost:8004
2025-04-03T10:35:40.304Z info: Server running on http://localhost:8004
2025-04-03T10:35:55.371Z info: Server running on http://localhost:8004
2025-04-03T10:35:55.371Z info: Server running on http://localhost:8004
2025-04-03T10:38:23.275Z info: Server running on http://localhost:8004
2025-04-03T10:38:23.275Z info: Server running on http://localhost:8004
2025-04-03T10:41:12.088Z info: Server running on http://localhost:8004
2025-04-03T10:41:12.088Z info: Server running on http://localhost:8004
2025-04-03T10:41:18.469Z info: Server running on http://localhost:8004
2025-04-03T10:41:18.469Z info: Server running on http://localhost:8004
2025-04-03T10:42:55.591Z info: Server running on http://localhost:8004
2025-04-03T10:42:55.591Z info: Server running on http://localhost:8004
2025-04-03T10:43:26.948Z info: Server running on http://localhost:8004
2025-04-03T10:43:26.948Z info: Server running on http://localhost:8004
2025-04-03T10:45:13.527Z info: Server running on http://localhost:8004
2025-04-03T10:45:13.527Z info: Server running on http://localhost:8004
2025-04-03T10:45:29.653Z info: Server running on http://localhost:8004
2025-04-03T10:45:29.653Z info: Server running on http://localhost:8004
2025-04-03T10:47:27.414Z info: Server running on http://localhost:8004
2025-04-03T10:47:27.414Z info: Server running on http://localhost:8004
2025-04-03T10:50:24.864Z info: Server running on http://localhost:8004
2025-04-03T10:50:24.864Z info: Server running on http://localhost:8004
2025-04-03T10:50:30.619Z info: Server running on http://localhost:8004
2025-04-03T10:50:30.619Z info: Server running on http://localhost:8004
2025-04-03T10:52:09.511Z info: Server running on http://localhost:8004
2025-04-03T10:52:09.511Z info: Server running on http://localhost:8004
2025-04-03T10:52:25.221Z info: Server running on http://localhost:8004
2025-04-03T10:52:25.221Z info: Server running on http://localhost:8004
2025-04-03T10:53:27.241Z info: Server running on http://localhost:8004
2025-04-03T10:53:27.241Z info: Server running on http://localhost:8004
2025-04-03T10:53:57.542Z info: Server running on http://localhost:8004
2025-04-03T10:53:57.542Z info: Server running on http://localhost:8004
2025-04-03T10:54:05.411Z info: Server running on http://localhost:8004
2025-04-03T10:54:05.411Z info: Server running on http://localhost:8004
2025-04-03T10:54:15.372Z info: Server running on http://localhost:8004
2025-04-03T10:54:15.372Z info: Server running on http://localhost:8004
2025-04-03T10:57:26.402Z info: Server running on http://localhost:8004
2025-04-03T10:57:26.402Z info: Server running on http://localhost:8004
2025-04-03T10:58:11.460Z info: Server running on http://localhost:8004
2025-04-03T10:58:11.460Z info: Server running on http://localhost:8004
2025-04-03T10:58:24.872Z info: Server running on http://localhost:8004
2025-04-03T10:58:24.872Z info: Server running on http://localhost:8004
2025-04-03T10:58:43.183Z info: Server running on http://localhost:8004
2025-04-03T10:58:43.183Z info: Server running on http://localhost:8004
2025-04-03T10:59:54.453Z info: Server running on http://localhost:8004
2025-04-03T10:59:54.453Z info: Server running on http://localhost:8004
2025-04-03T11:05:24.895Z info: Server running on http://localhost:8004
2025-04-03T11:05:24.895Z info: Server running on http://localhost:8004
2025-04-03T11:05:34.822Z info: Server running on http://localhost:8004
2025-04-03T11:05:34.822Z info: Server running on http://localhost:8004
2025-04-03T11:05:38.146Z info: Server running on http://localhost:8004
2025-04-03T11:05:38.146Z info: Server running on http://localhost:8004
2025-04-03T11:05:44.876Z info: Server running on http://localhost:8004
2025-04-03T11:05:44.876Z info: Server running on http://localhost:8004
2025-04-03T11:07:10.162Z info: Server running on http://localhost:8004
2025-04-03T11:07:10.162Z info: Server running on http://localhost:8004
2025-04-03T11:07:16.676Z info: Server running on http://localhost:8004
2025-04-03T11:07:16.676Z info: Server running on http://localhost:8004
2025-04-03T11:07:55.054Z info: Server running on http://localhost:8004
2025-04-03T11:07:55.054Z info: Server running on http://localhost:8004
2025-04-03T11:08:01.409Z info: Server running on http://localhost:8004
2025-04-03T11:08:01.409Z info: Server running on http://localhost:8004
2025-04-03T11:08:12.413Z info: Server running on http://localhost:8004
2025-04-03T11:08:12.413Z info: Server running on http://localhost:8004
2025-04-03T11:08:20.395Z info: Server running on http://localhost:8004
2025-04-03T11:08:20.395Z info: Server running on http://localhost:8004
2025-04-03T11:08:29.082Z info: Server running on http://localhost:8004
2025-04-03T11:08:29.082Z info: Server running on http://localhost:8004
2025-04-03T11:08:36.879Z info: Server running on http://localhost:8004
2025-04-03T11:08:36.879Z info: Server running on http://localhost:8004
2025-04-03T11:08:43.623Z info: Server running on http://localhost:8004
2025-04-03T11:08:43.623Z info: Server running on http://localhost:8004
2025-04-03T11:09:10.960Z info: Server running on http://localhost:8004
2025-04-03T11:09:10.960Z info: Server running on http://localhost:8004
2025-04-03T11:10:09.590Z info: Server running on http://localhost:8004
2025-04-03T11:10:09.590Z info: Server running on http://localhost:8004
2025-04-03T11:10:23.075Z info: Server running on http://localhost:8004
2025-04-03T11:10:23.075Z info: Server running on http://localhost:8004
2025-04-03T11:10:27.701Z info: Server running on http://localhost:8004
2025-04-03T11:10:27.701Z info: Server running on http://localhost:8004
2025-04-03T11:10:34.638Z info: Server running on http://localhost:8004
2025-04-03T11:10:34.638Z info: Server running on http://localhost:8004
2025-04-03T11:10:39.877Z info: Server running on http://localhost:8004
2025-04-03T11:10:39.877Z info: Server running on http://localhost:8004
2025-04-03T11:10:58.047Z info: Server running on http://localhost:8004
2025-04-03T11:10:58.047Z info: Server running on http://localhost:8004
2025-04-03T11:11:32.209Z info: Server running on http://localhost:8004
2025-04-03T11:11:32.209Z info: Server running on http://localhost:8004
2025-04-03T11:11:44.922Z info: Server running on http://localhost:8004
2025-04-03T11:11:44.922Z info: Server running on http://localhost:8004
2025-04-03T11:12:36.133Z info: Server running on http://localhost:8004
2025-04-03T11:12:36.133Z info: Server running on http://localhost:8004
2025-04-03T11:13:02.901Z info: Server running on http://localhost:8004
2025-04-03T11:13:02.901Z info: Server running on http://localhost:8004
2025-04-03T11:13:35.815Z info: Server running on http://localhost:8004
2025-04-03T11:13:35.815Z info: Server running on http://localhost:8004
2025-04-03T11:14:00.223Z info: Server running on http://localhost:8004
2025-04-03T11:14:00.223Z info: Server running on http://localhost:8004
2025-04-03T11:14:07.611Z info: Server running on http://localhost:8004
2025-04-03T11:14:07.611Z info: Server running on http://localhost:8004
2025-04-03T11:14:14.932Z info: Server running on http://localhost:8004
2025-04-03T11:14:14.932Z info: Server running on http://localhost:8004
2025-04-03T11:14:38.975Z info: Server running on http://localhost:8004
2025-04-03T11:14:38.975Z info: Server running on http://localhost:8004
2025-04-03T11:15:15.257Z info: Server running on http://localhost:8004
2025-04-03T11:15:15.257Z info: Server running on http://localhost:8004
2025-04-03T11:15:19.284Z info: Server running on http://localhost:8004
2025-04-03T11:15:19.284Z info: Server running on http://localhost:8004
2025-04-03T11:15:22.688Z info: Server running on http://localhost:8004
2025-04-03T11:15:22.688Z info: Server running on http://localhost:8004
2025-04-03T11:15:27.697Z info: Server running on http://localhost:8004
2025-04-03T11:15:27.697Z info: Server running on http://localhost:8004
2025-04-03T11:15:31.600Z info: Server running on http://localhost:8004
2025-04-03T11:15:31.600Z info: Server running on http://localhost:8004
2025-04-03T11:15:44.418Z info: Server running on http://localhost:8004
2025-04-03T11:15:44.418Z info: Server running on http://localhost:8004
2025-04-03T11:16:15.984Z info: Server running on http://localhost:8004
2025-04-03T11:16:15.984Z info: Server running on http://localhost:8004
2025-04-03T11:16:36.063Z info: Server running on http://localhost:8004
2025-04-03T11:16:36.063Z info: Server running on http://localhost:8004
2025-04-03T11:16:45.166Z info: Server running on http://localhost:8004
2025-04-03T11:16:45.166Z info: Server running on http://localhost:8004
2025-04-03T11:16:57.605Z info: Server running on http://localhost:8004
2025-04-03T11:16:57.605Z info: Server running on http://localhost:8004
2025-04-03T11:17:05.149Z info: Server running on http://localhost:8004
2025-04-03T11:17:05.149Z info: Server running on http://localhost:8004
2025-04-03T11:17:09.005Z info: Server running on http://localhost:8004
2025-04-03T11:17:09.005Z info: Server running on http://localhost:8004
2025-04-03T11:17:27.558Z info: Server running on http://localhost:8004
2025-04-03T11:17:27.558Z info: Server running on http://localhost:8004
2025-04-03T11:17:46.498Z info: Server running on http://localhost:8004
2025-04-03T11:17:46.498Z info: Server running on http://localhost:8004
2025-04-03T11:19:34.586Z info: Server running on http://localhost:8004
2025-04-03T11:19:34.586Z info: Server running on http://localhost:8004
2025-04-03T11:19:48.501Z info: Server running on http://localhost:8004
2025-04-03T11:19:48.501Z info: Server running on http://localhost:8004
2025-04-03T11:19:59.752Z info: Server running on http://localhost:8004
2025-04-03T11:19:59.752Z info: Server running on http://localhost:8004
2025-04-03T11:20:11.803Z info: Server running on http://localhost:8004
2025-04-03T11:20:11.803Z info: Server running on http://localhost:8004
2025-04-03T11:20:22.877Z info: Server running on http://localhost:8004
2025-04-03T11:20:22.877Z info: Server running on http://localhost:8004
2025-04-03T11:20:44.506Z info: Server running on http://localhost:8004
2025-04-03T11:20:44.506Z info: Server running on http://localhost:8004
2025-04-03T11:21:46.400Z info: Server running on http://localhost:8004
2025-04-03T11:21:46.400Z info: Server running on http://localhost:8004
2025-04-03T11:23:12.749Z info: Server running on http://localhost:8004
2025-04-03T11:23:12.749Z info: Server running on http://localhost:8004
2025-04-03T11:24:41.839Z info: Server running on http://localhost:8004
2025-04-03T11:24:41.839Z info: Server running on http://localhost:8004
2025-04-03T11:25:48.633Z info: Server running on http://localhost:8004
2025-04-03T11:25:48.633Z info: Server running on http://localhost:8004
2025-04-03T11:26:31.036Z info: Server running on http://localhost:8004
2025-04-03T11:26:31.036Z info: Server running on http://localhost:8004
2025-04-03T11:27:50.924Z info: Server running on http://localhost:8004
2025-04-03T11:27:50.924Z info: Server running on http://localhost:8004
2025-04-03T11:28:09.381Z info: Server running on http://localhost:8004
2025-04-03T11:28:09.381Z info: Server running on http://localhost:8004
2025-04-03T11:28:15.263Z info: Server running on http://localhost:8004
2025-04-03T11:28:15.263Z info: Server running on http://localhost:8004
2025-04-03T11:28:47.264Z info: Server running on http://localhost:8004
2025-04-03T11:28:47.264Z info: Server running on http://localhost:8004
2025-04-03T11:28:56.145Z info: Server running on http://localhost:8004
2025-04-03T11:28:56.145Z info: Server running on http://localhost:8004
2025-04-03T11:29:04.060Z info: Server running on http://localhost:8004
2025-04-03T11:29:04.060Z info: Server running on http://localhost:8004
2025-04-03T11:29:10.581Z info: Server running on http://localhost:8004
2025-04-03T11:29:10.581Z info: Server running on http://localhost:8004
2025-04-03T11:29:17.954Z info: Server running on http://localhost:8004
2025-04-03T11:29:17.954Z info: Server running on http://localhost:8004
2025-04-03T11:30:01.720Z info: Server running on http://localhost:8004
2025-04-03T11:30:01.720Z info: Server running on http://localhost:8004
2025-04-03T11:30:09.746Z info: Server running on http://localhost:8004
2025-04-03T11:30:09.746Z info: Server running on http://localhost:8004
2025-04-03T11:30:14.885Z info: Server running on http://localhost:8004
2025-04-03T11:30:14.885Z info: Server running on http://localhost:8004
2025-04-03T11:31:12.759Z info: Server running on http://localhost:8004
2025-04-03T11:31:12.759Z info: Server running on http://localhost:8004
2025-04-03T11:31:24.996Z info: Server running on http://localhost:8004
2025-04-03T11:31:24.996Z info: Server running on http://localhost:8004
2025-04-03T11:32:43.580Z info: Server running on http://localhost:8004
2025-04-03T11:32:43.580Z info: Server running on http://localhost:8004
2025-04-03T11:32:49.302Z info: Server running on http://localhost:8004
2025-04-03T11:32:49.302Z info: Server running on http://localhost:8004
2025-04-03T11:32:53.758Z info: Server running on http://localhost:8004
2025-04-03T11:32:53.758Z info: Server running on http://localhost:8004
2025-04-03T11:32:57.243Z info: Server running on http://localhost:8004
2025-04-03T11:32:57.243Z info: Server running on http://localhost:8004
2025-04-03T11:33:44.795Z info: Server running on http://localhost:8004
2025-04-03T11:33:44.795Z info: Server running on http://localhost:8004
2025-04-03T11:34:04.540Z info: Server running on http://localhost:8004
2025-04-03T11:34:04.540Z info: Server running on http://localhost:8004
2025-04-03T11:34:16.722Z info: Server running on http://localhost:8004
2025-04-03T11:34:16.722Z info: Server running on http://localhost:8004
2025-04-03T11:35:42.266Z info: Server running on http://localhost:8004
2025-04-03T11:35:42.266Z info: Server running on http://localhost:8004
2025-04-03T11:35:54.638Z info: Server running on http://localhost:8004
2025-04-03T11:35:54.638Z info: Server running on http://localhost:8004
2025-04-03T11:36:23.060Z info: Server running on http://localhost:8004
2025-04-03T11:36:23.060Z info: Server running on http://localhost:8004
2025-04-03T11:36:32.911Z info: Server running on http://localhost:8004
2025-04-03T11:36:32.911Z info: Server running on http://localhost:8004
2025-04-03T11:37:01.727Z info: Server running on http://localhost:8004
2025-04-03T11:37:01.727Z info: Server running on http://localhost:8004
2025-04-03T11:37:24.600Z info: Server running on http://localhost:8004
2025-04-03T11:37:24.600Z info: Server running on http://localhost:8004
2025-04-03T11:37:59.177Z info: Server running on http://localhost:8004
2025-04-03T11:37:59.177Z info: Server running on http://localhost:8004
2025-04-03T11:38:30.430Z info: Server running on http://localhost:8004
2025-04-03T11:38:30.430Z info: Server running on http://localhost:8004
2025-04-03T11:38:55.803Z info: Server running on http://localhost:8004
2025-04-03T11:38:55.803Z info: Server running on http://localhost:8004
2025-04-03T11:39:10.490Z info: Server running on http://localhost:8004
2025-04-03T11:39:10.490Z info: Server running on http://localhost:8004
2025-04-03T11:39:16.069Z info: Server running on http://localhost:8004
2025-04-03T11:39:16.069Z info: Server running on http://localhost:8004
2025-04-03T11:39:34.831Z info: Server running on http://localhost:8004
2025-04-03T11:39:34.831Z info: Server running on http://localhost:8004
2025-04-03T11:40:47.885Z info: Server running on http://localhost:8004
2025-04-03T11:40:47.885Z info: Server running on http://localhost:8004
2025-04-03T11:41:16.659Z info: Server running on http://localhost:8004
2025-04-03T11:41:16.659Z info: Server running on http://localhost:8004
2025-04-03T11:41:28.635Z info: Server running on http://localhost:8004
2025-04-03T11:41:28.635Z info: Server running on http://localhost:8004
2025-04-03T11:41:40.581Z info: Server running on http://localhost:8004
2025-04-03T11:41:40.581Z info: Server running on http://localhost:8004
2025-04-03T11:43:11.903Z info: Server running on http://localhost:8004
2025-04-03T11:43:11.903Z info: Server running on http://localhost:8004
2025-04-03T11:43:18.884Z info: Server running on http://localhost:8004
2025-04-03T11:43:18.884Z info: Server running on http://localhost:8004
2025-04-03T11:44:13.231Z info: Server running on http://localhost:8004
2025-04-03T11:44:13.231Z info: Server running on http://localhost:8004
2025-04-03T11:45:03.076Z info: Server running on http://localhost:8004
2025-04-03T11:45:03.076Z info: Server running on http://localhost:8004
2025-04-03T11:45:16.590Z info: Server running on http://localhost:8004
2025-04-03T11:45:16.590Z info: Server running on http://localhost:8004
2025-04-03T11:46:01.365Z info: Server running on http://localhost:8004
2025-04-03T11:46:01.365Z info: Server running on http://localhost:8004
2025-04-03T11:46:45.538Z info: Server running on http://localhost:8004
2025-04-03T11:46:45.538Z info: Server running on http://localhost:8004
2025-04-03T11:47:00.927Z info: Server running on http://localhost:8004
2025-04-03T11:47:00.927Z info: Server running on http://localhost:8004
2025-04-03T11:48:52.014Z info: Server running on http://localhost:8004
2025-04-03T11:48:52.014Z info: Server running on http://localhost:8004
2025-04-03T11:50:26.488Z info: Server running on http://localhost:8004
2025-04-03T11:50:26.488Z info: Server running on http://localhost:8004
2025-04-03T11:50:55.132Z info: Server running on http://localhost:8004
2025-04-03T11:50:55.132Z info: Server running on http://localhost:8004
2025-04-03T11:51:22.137Z info: Server running on http://localhost:8004
2025-04-03T11:51:22.137Z info: Server running on http://localhost:8004
2025-04-03T11:51:27.686Z info: Server running on http://localhost:8004
2025-04-03T11:51:27.686Z info: Server running on http://localhost:8004
2025-04-03T11:51:34.271Z info: Server running on http://localhost:8004
2025-04-03T11:51:34.271Z info: Server running on http://localhost:8004
2025-04-03T11:51:46.309Z info: Server running on http://localhost:8004
2025-04-03T11:51:46.309Z info: Server running on http://localhost:8004
2025-04-03T11:52:20.521Z info: Server running on http://localhost:8004
2025-04-03T11:52:20.521Z info: Server running on http://localhost:8004
2025-04-03T11:52:23.782Z info: Server running on http://localhost:8004
2025-04-03T11:52:23.782Z info: Server running on http://localhost:8004
2025-04-03T11:53:16.897Z info: Server running on http://localhost:8004
2025-04-03T11:53:16.897Z info: Server running on http://localhost:8004
2025-04-03T11:53:33.938Z info: Server running on http://localhost:8004
2025-04-03T11:53:33.938Z info: Server running on http://localhost:8004
2025-04-03T11:53:45.783Z info: Server running on http://localhost:8004
2025-04-03T11:53:45.783Z info: Server running on http://localhost:8004
2025-04-03T11:54:27.535Z info: Server running on http://localhost:8004
2025-04-03T11:54:27.535Z info: Server running on http://localhost:8004
2025-04-03T11:54:40.069Z info: Server running on http://localhost:8004
2025-04-03T11:54:40.069Z info: Server running on http://localhost:8004
2025-04-03T11:55:00.807Z info: Server running on http://localhost:8004
2025-04-03T11:55:00.807Z info: Server running on http://localhost:8004
2025-04-03T11:55:16.668Z info: Server running on http://localhost:8004
2025-04-03T11:55:16.668Z info: Server running on http://localhost:8004
2025-04-03T11:56:11.485Z info: Server running on http://localhost:8004
2025-04-03T11:56:11.485Z info: Server running on http://localhost:8004
2025-04-03T11:56:15.932Z info: Server running on http://localhost:8004
2025-04-03T11:56:15.932Z info: Server running on http://localhost:8004
2025-04-03T11:56:41.312Z info: Server running on http://localhost:8004
2025-04-03T11:56:41.312Z info: Server running on http://localhost:8004
2025-04-03T11:57:35.066Z info: Server running on http://localhost:8004
2025-04-03T11:57:35.066Z info: Server running on http://localhost:8004
2025-04-03T11:58:04.193Z info: Server running on http://localhost:8004
2025-04-03T11:58:04.193Z info: Server running on http://localhost:8004
2025-04-03T11:58:23.836Z info: Server running on http://localhost:8004
2025-04-03T11:58:23.836Z info: Server running on http://localhost:8004
2025-04-03T11:59:12.140Z info: Server running on http://localhost:8004
2025-04-03T11:59:12.140Z info: Server running on http://localhost:8004
2025-04-03T11:59:31.784Z info: Server running on http://localhost:8004
2025-04-03T11:59:31.784Z info: Server running on http://localhost:8004
2025-04-03T12:00:10.841Z info: Server running on http://localhost:8004
2025-04-03T12:00:10.841Z info: Server running on http://localhost:8004
2025-04-03T12:00:34.603Z info: Server running on http://localhost:8004
2025-04-03T12:00:34.603Z info: Server running on http://localhost:8004
2025-04-03T12:00:41.398Z info: Server running on http://localhost:8004
2025-04-03T12:00:41.398Z info: Server running on http://localhost:8004
2025-04-03T12:00:48.974Z info: Server running on http://localhost:8004
2025-04-03T12:00:48.974Z info: Server running on http://localhost:8004
2025-04-03T12:00:52.308Z info: Server running on http://localhost:8004
2025-04-03T12:00:52.308Z info: Server running on http://localhost:8004
2025-04-03T12:01:37.817Z info: Server running on http://localhost:8004
2025-04-03T12:01:37.817Z info: Server running on http://localhost:8004
2025-04-03T12:02:03.649Z info: Server running on http://localhost:8004
2025-04-03T12:02:03.649Z info: Server running on http://localhost:8004
2025-04-03T12:02:08.851Z info: Server running on http://localhost:8004
2025-04-03T12:02:08.851Z info: Server running on http://localhost:8004
2025-04-03T12:02:15.201Z info: Server running on http://localhost:8004
2025-04-03T12:02:15.201Z info: Server running on http://localhost:8004
2025-04-03T12:02:24.952Z info: Server running on http://localhost:8004
2025-04-03T12:02:24.952Z info: Server running on http://localhost:8004
2025-04-03T12:03:45.778Z info: Server running on http://localhost:8004
2025-04-03T12:03:45.778Z info: Server running on http://localhost:8004
2025-04-03T12:03:56.409Z info: Server running on http://localhost:8004
2025-04-03T12:03:56.409Z info: Server running on http://localhost:8004
2025-04-03T12:05:21.795Z info: Server running on http://localhost:8004
2025-04-03T12:05:21.795Z info: Server running on http://localhost:8004
2025-04-03T12:07:10.504Z info: Server running on http://localhost:8004
2025-04-03T12:07:10.504Z info: Server running on http://localhost:8004
2025-04-03T12:07:34.677Z info: Server running on http://localhost:8004
2025-04-03T12:07:34.677Z info: Server running on http://localhost:8004
2025-04-03T12:07:52.304Z info: Server running on http://localhost:8004
2025-04-03T12:07:52.304Z info: Server running on http://localhost:8004
2025-04-03T12:08:06.815Z info: Server running on http://localhost:8004
2025-04-03T12:08:06.815Z info: Server running on http://localhost:8004
2025-04-03T12:08:35.385Z info: Server running on http://localhost:8004
2025-04-03T12:08:35.385Z info: Server running on http://localhost:8004
2025-04-03T12:08:48.677Z info: Server running on http://localhost:8004
2025-04-03T12:08:48.677Z info: Server running on http://localhost:8004
2025-04-03T12:09:21.440Z info: Server running on http://localhost:8004
2025-04-03T12:09:21.440Z info: Server running on http://localhost:8004
2025-04-03T12:09:32.669Z info: Server running on http://localhost:8004
2025-04-03T12:09:32.669Z info: Server running on http://localhost:8004
2025-04-03T12:10:07.695Z info: Server running on http://localhost:8004
2025-04-03T12:10:07.695Z info: Server running on http://localhost:8004
2025-04-03T12:10:30.565Z info: Server running on http://localhost:8004
2025-04-03T12:10:30.565Z info: Server running on http://localhost:8004
2025-04-03T12:10:51.827Z info: Server running on http://localhost:8004
2025-04-03T12:10:51.827Z info: Server running on http://localhost:8004
2025-04-03T12:11:00.305Z info: Server running on http://localhost:8004
2025-04-03T12:11:00.305Z info: Server running on http://localhost:8004
2025-04-03T12:11:11.030Z info: Server running on http://localhost:8004
2025-04-03T12:11:11.030Z info: Server running on http://localhost:8004
2025-04-03T12:11:26.885Z info: Server running on http://localhost:8004
2025-04-03T12:11:26.885Z info: Server running on http://localhost:8004
2025-04-03T12:16:49.201Z info: Server running on http://localhost:8004
2025-04-03T12:16:49.201Z info: Server running on http://localhost:8004
2025-04-03T12:16:55.224Z info: Server running on http://localhost:8004
2025-04-03T12:16:55.224Z info: Server running on http://localhost:8004
2025-04-03T12:17:01.310Z info: Server running on http://localhost:8004
2025-04-03T12:17:01.310Z info: Server running on http://localhost:8004
2025-04-03T12:18:50.859Z info: Server running on http://localhost:8004
2025-04-03T12:18:50.859Z info: Server running on http://localhost:8004
2025-04-03T12:19:19.503Z info: Server running on http://localhost:8004
2025-04-03T12:19:19.503Z info: Server running on http://localhost:8004
2025-04-03T12:19:54.848Z info: Server running on http://localhost:8004
2025-04-03T12:19:54.848Z info: Server running on http://localhost:8004
2025-04-03T12:20:30.329Z info: Server running on http://localhost:8004
2025-04-03T12:20:30.329Z info: Server running on http://localhost:8004
2025-04-03T12:21:18.475Z info: Server running on http://localhost:8004
2025-04-03T12:21:18.475Z info: Server running on http://localhost:8004
2025-04-03T12:21:58.350Z info: Server running on http://localhost:8004
2025-04-03T12:21:58.350Z info: Server running on http://localhost:8004
2025-04-03T12:23:22.578Z info: Server running on http://localhost:8004
2025-04-03T12:23:22.578Z info: Server running on http://localhost:8004
2025-04-03T12:24:24.520Z info: Server running on http://localhost:8004
2025-04-03T12:24:24.520Z info: Server running on http://localhost:8004
2025-04-03T12:25:59.819Z info: Server running on http://localhost:8004
2025-04-03T12:25:59.819Z info: Server running on http://localhost:8004
2025-04-03T12:26:32.488Z info: Server running on http://localhost:8004
2025-04-03T12:26:32.488Z info: Server running on http://localhost:8004
2025-04-03T12:27:12.857Z info: Server running on http://localhost:8004
2025-04-03T12:27:12.857Z info: Server running on http://localhost:8004
2025-04-03T12:27:47.192Z info: Server running on http://localhost:8004
2025-04-03T12:27:47.192Z info: Server running on http://localhost:8004
2025-04-03T12:28:11.447Z info: Server running on http://localhost:8004
2025-04-03T12:28:11.447Z info: Server running on http://localhost:8004
2025-04-03T12:28:28.254Z info: Server running on http://localhost:8004
2025-04-03T12:28:28.254Z info: Server running on http://localhost:8004
2025-04-03T12:30:24.288Z info: Server running on http://localhost:8004
2025-04-03T12:30:24.288Z info: Server running on http://localhost:8004
2025-04-03T12:30:41.865Z warn: Invalid bag item: 67d02ebd9710465f9565d242
2025-04-03T12:30:41.865Z warn: Invalid bag item: 67d02ebd9710465f9565d242
2025-04-03T12:30:44.694Z warn: Invalid bag item: 67d02ebd9710465f9565d242
2025-04-03T12:30:44.694Z warn: Invalid bag item: 67d02ebd9710465f9565d242
2025-04-03T12:31:14.288Z warn: Invalid bag item: 67d02ebd9710465f9565d242
2025-04-03T12:31:14.288Z warn: Invalid bag item: 67d02ebd9710465f9565d242
2025-04-03T12:31:47.227Z info: Server running on http://localhost:8004
2025-04-03T12:31:47.227Z info: Server running on http://localhost:8004
2025-04-03T12:31:52.165Z warn: Invalid bag item: 67d02ebd9710465f9565d242
2025-04-03T12:31:52.165Z warn: Invalid bag item: 67d02ebd9710465f9565d242
2025-04-03T12:32:10.480Z info: Server running on http://localhost:8004
2025-04-03T12:32:10.480Z info: Server running on http://localhost:8004
2025-04-03T12:32:56.722Z error: Error while getting bag: No document found for query "{ _id: new ObjectId("67ee7f6b5111dc127119306c") }" on model "Bag"
2025-04-03T12:32:56.722Z error: Error while getting bag: No document found for query "{ _id: new ObjectId("67ee7f6b5111dc127119306c") }" on model "Bag"
2025-04-03T12:32:56.754Z error: Error while getting bag: No document found for query "{ _id: new ObjectId("67ee7f6b5111dc127119306c") }" on model "Bag"
2025-04-03T12:32:56.754Z error: Error while getting bag: No document found for query "{ _id: new ObjectId("67ee7f6b5111dc127119306c") }" on model "Bag"
2025-04-03T12:38:14.044Z info: Server running on http://localhost:8004
2025-04-03T12:38:14.044Z info: Server running on http://localhost:8004
2025-04-03T12:38:32.953Z info: Server running on http://localhost:8004
2025-04-03T12:38:32.953Z info: Server running on http://localhost:8004
2025-04-03T12:39:11.038Z info: Server running on http://localhost:8004
2025-04-03T12:39:11.038Z info: Server running on http://localhost:8004
2025-04-03T13:03:52.588Z info: Server running on http://localhost:8004
2025-04-03T13:03:52.588Z info: Server running on http://localhost:8004
2025-04-03T13:05:02.382Z info: Server running on http://localhost:8004
2025-04-03T13:05:02.382Z info: Server running on http://localhost:8004
2025-04-03T13:06:01.627Z info: Server running on http://localhost:8004
2025-04-03T13:06:01.627Z info: Server running on http://localhost:8004
2025-04-03T13:08:18.305Z info: Server running on http://localhost:8004
2025-04-03T13:08:18.305Z info: Server running on http://localhost:8004
2025-04-03T13:10:02.702Z info: Server running on http://localhost:8004
2025-04-03T13:10:02.702Z info: Server running on http://localhost:8004
2025-04-03T13:10:46.580Z info: Server running on http://localhost:8004
2025-04-03T13:10:46.580Z info: Server running on http://localhost:8004
2025-04-03T13:13:57.449Z info: Server running on http://localhost:8004
2025-04-03T13:13:57.449Z info: Server running on http://localhost:8004
2025-04-03T13:14:03.399Z info: Server running on http://localhost:8004
2025-04-03T13:14:03.399Z info: Server running on http://localhost:8004
2025-04-03T13:14:13.613Z info: Server running on http://localhost:8004
2025-04-03T13:14:13.613Z info: Server running on http://localhost:8004
2025-04-03T13:15:25.850Z info: Server running on http://localhost:8004
2025-04-03T13:15:25.850Z info: Server running on http://localhost:8004
2025-04-03T13:15:36.376Z info: Server running on http://localhost:8004
2025-04-03T13:15:36.376Z info: Server running on http://localhost:8004
2025-04-03T13:16:51.723Z info: Server running on http://localhost:8004
2025-04-03T13:16:51.723Z info: Server running on http://localhost:8004
2025-04-03T13:18:12.306Z info: Server running on http://localhost:8004
2025-04-03T13:18:12.306Z info: Server running on http://localhost:8004
2025-04-03T13:18:24.210Z info: Server running on http://localhost:8004
2025-04-03T13:18:24.210Z info: Server running on http://localhost:8004
2025-04-03T13:19:04.108Z info: Server running on http://localhost:8004
2025-04-03T13:19:04.108Z info: Server running on http://localhost:8004
2025-04-03T13:19:44.392Z info: Server running on http://localhost:8004
2025-04-03T13:19:44.392Z info: Server running on http://localhost:8004
2025-04-03T13:19:51.686Z error: Error occured during updating bag No matching document found for id "67ee7ffc398da98210ab0f1c" version 3 modifiedPaths "orderItems, orderItems.1, orderItems.1.quantity, totalProductSellingPrice, totalSP, totalMRP"
2025-04-03T13:19:51.686Z error: Error occured during updating bag No matching document found for id "67ee7ffc398da98210ab0f1c" version 3 modifiedPaths "orderItems, orderItems.1, orderItems.1.quantity, totalProductSellingPrice, totalSP, totalMRP"
2025-04-03T13:20:50.654Z info: Server running on http://localhost:8004
2025-04-03T13:20:50.654Z info: Server running on http://localhost:8004
2025-04-03T13:20:59.310Z info: Server running on http://localhost:8004
2025-04-03T13:20:59.310Z info: Server running on http://localhost:8004
2025-04-03T13:31:23.314Z info: Server running on http://localhost:8004
2025-04-03T13:31:23.314Z info: Server running on http://localhost:8004
2025-04-03T13:33:40.389Z info: Server running on http://localhost:8004
2025-04-03T13:33:40.389Z info: Server running on http://localhost:8004
2025-04-03T13:33:59.876Z info: Server running on http://localhost:8004
2025-04-03T13:33:59.876Z info: Server running on http://localhost:8004
2025-04-03T13:34:43.801Z info: Server running on http://localhost:8004
2025-04-03T13:34:43.801Z info: Server running on http://localhost:8004
2025-04-03T13:34:50.869Z info: Server running on http://localhost:8004
2025-04-03T13:34:50.869Z info: Server running on http://localhost:8004
2025-04-03T13:35:22.323Z info: Server running on http://localhost:8004
2025-04-03T13:35:22.323Z info: Server running on http://localhost:8004
2025-04-03T13:35:50.887Z info: Server running on http://localhost:8004
2025-04-03T13:35:50.887Z info: Server running on http://localhost:8004
2025-04-03T13:36:01.888Z info: Server running on http://localhost:8004
2025-04-03T13:36:01.888Z info: Server running on http://localhost:8004
2025-04-03T13:36:19.705Z info: Server running on http://localhost:8004
2025-04-03T13:36:19.705Z info: Server running on http://localhost:8004
2025-04-03T13:36:32.372Z info: Server running on http://localhost:8004
2025-04-03T13:36:32.372Z info: Server running on http://localhost:8004
2025-04-03T13:36:52.240Z info: Server running on http://localhost:8004
2025-04-03T13:36:52.240Z info: Server running on http://localhost:8004
2025-04-03T13:37:08.478Z info: Server running on http://localhost:8004
2025-04-03T13:37:08.478Z info: Server running on http://localhost:8004
2025-04-03T13:37:15.789Z info: Server running on http://localhost:8004
2025-04-03T13:37:15.789Z info: Server running on http://localhost:8004
2025-04-03T13:37:46.064Z info: Server running on http://localhost:8004
2025-04-03T13:37:46.064Z info: Server running on http://localhost:8004
2025-04-03T13:38:02.485Z info: Server running on http://localhost:8004
2025-04-03T13:38:02.485Z info: Server running on http://localhost:8004
2025-04-03T13:38:21.630Z info: Server running on http://localhost:8004
2025-04-03T13:38:21.630Z info: Server running on http://localhost:8004
2025-04-03T13:38:38.836Z info: Server running on http://localhost:8004
2025-04-03T13:38:38.836Z info: Server running on http://localhost:8004
2025-04-03T13:38:59.241Z info: Server running on http://localhost:8004
2025-04-03T13:38:59.241Z info: Server running on http://localhost:8004
2025-04-03T13:39:19.054Z info: Server running on http://localhost:8004
2025-04-03T13:39:19.054Z info: Server running on http://localhost:8004
2025-04-03T13:40:12.976Z info: Server running on http://localhost:8004
2025-04-03T13:40:12.976Z info: Server running on http://localhost:8004
2025-04-03T13:40:21.911Z info: Server running on http://localhost:8004
2025-04-03T13:40:21.911Z info: Server running on http://localhost:8004
2025-04-03T13:40:46.310Z info: Server running on http://localhost:8004
2025-04-03T13:40:46.310Z info: Server running on http://localhost:8004
2025-04-03T13:41:01.952Z info: Server running on http://localhost:8004
2025-04-03T13:41:01.952Z info: Server running on http://localhost:8004
2025-04-03T13:41:27.760Z info: Server running on http://localhost:8004
2025-04-03T13:41:27.760Z info: Server running on http://localhost:8004
2025-04-03T13:41:46.513Z info: Server running on http://localhost:8004
2025-04-03T13:41:46.513Z info: Server running on http://localhost:8004
2025-04-03T13:42:43.839Z info: Server running on http://localhost:8004
2025-04-03T13:42:43.839Z info: Server running on http://localhost:8004
2025-04-03T13:42:49.827Z info: Server running on http://localhost:8004
2025-04-03T13:42:49.827Z info: Server running on http://localhost:8004
2025-04-03T13:44:02.597Z info: Server running on http://localhost:8004
2025-04-03T13:44:02.597Z info: Server running on http://localhost:8004
2025-04-03T13:44:18.720Z info: Server running on http://localhost:8004
2025-04-03T13:44:18.720Z info: Server running on http://localhost:8004
2025-04-03T13:44:43.141Z info: Server running on http://localhost:8004
2025-04-03T13:44:43.141Z info: Server running on http://localhost:8004
2025-04-03T13:45:28.239Z info: Server running on http://localhost:8004
2025-04-03T13:45:28.239Z info: Server running on http://localhost:8004
2025-04-03T13:45:44.947Z info: Server running on http://localhost:8004
2025-04-03T13:45:44.947Z info: Server running on http://localhost:8004
2025-04-03T13:46:10.667Z info: Server running on http://localhost:8004
2025-04-03T13:46:10.667Z info: Server running on http://localhost:8004
2025-04-03T13:46:40.003Z info: Server running on http://localhost:8004
2025-04-03T13:46:40.003Z info: Server running on http://localhost:8004
2025-04-03T13:46:49.427Z info: Server running on http://localhost:8004
2025-04-03T13:46:49.427Z info: Server running on http://localhost:8004
2025-04-03T13:47:18.605Z info: Server running on http://localhost:8004
2025-04-03T13:47:18.605Z info: Server running on http://localhost:8004
2025-04-03T13:47:39.065Z info: Server running on http://localhost:8004
2025-04-03T13:47:39.065Z info: Server running on http://localhost:8004
2025-04-03T13:48:34.118Z info: Server running on http://localhost:8004
2025-04-03T13:48:34.118Z info: Server running on http://localhost:8004
2025-04-03T13:49:28.647Z info: Server running on http://localhost:8004
2025-04-03T13:49:28.647Z info: Server running on http://localhost:8004
2025-04-03T13:49:32.896Z info: Server running on http://localhost:8004
2025-04-03T13:49:32.896Z info: Server running on http://localhost:8004
2025-04-03T13:49:48.135Z info: Server running on http://localhost:8004
2025-04-03T13:49:48.135Z info: Server running on http://localhost:8004
2025-04-03T13:50:07.002Z info: Server running on http://localhost:8004
2025-04-03T13:50:07.002Z info: Server running on http://localhost:8004
2025-04-03T13:50:16.119Z info: Server running on http://localhost:8004
2025-04-03T13:50:16.119Z info: Server running on http://localhost:8004
2025-04-03T13:50:32.670Z info: Server running on http://localhost:8004
2025-04-03T13:50:32.670Z info: Server running on http://localhost:8004
2025-04-03T13:50:44.664Z info: Server running on http://localhost:8004
2025-04-03T13:50:44.664Z info: Server running on http://localhost:8004
2025-04-03T13:50:58.850Z info: Server running on http://localhost:8004
2025-04-03T13:50:58.850Z info: Server running on http://localhost:8004
2025-04-03T13:51:20.094Z info: Server running on http://localhost:8004
2025-04-03T13:51:20.094Z info: Server running on http://localhost:8004
2025-04-03T13:51:53.649Z info: Server running on http://localhost:8004
2025-04-03T13:51:53.649Z info: Server running on http://localhost:8004
2025-04-03T13:52:32.807Z info: Server running on http://localhost:8004
2025-04-03T13:52:32.807Z info: Server running on http://localhost:8004
2025-04-03T13:53:08.893Z info: Server running on http://localhost:8004
2025-04-03T13:53:08.893Z info: Server running on http://localhost:8004
2025-04-03T13:53:44.599Z info: Server running on http://localhost:8004
2025-04-03T13:53:44.599Z info: Server running on http://localhost:8004
2025-04-03T13:54:03.146Z info: Server running on http://localhost:8004
2025-04-03T13:54:03.146Z info: Server running on http://localhost:8004
2025-04-03T13:54:25.466Z info: Server running on http://localhost:8004
2025-04-03T13:54:25.466Z info: Server running on http://localhost:8004
2025-04-03T13:54:44.099Z info: Server running on http://localhost:8004
2025-04-03T13:54:44.099Z info: Server running on http://localhost:8004
2025-04-03T13:54:59.014Z info: Server running on http://localhost:8004
2025-04-03T13:54:59.014Z info: Server running on http://localhost:8004
2025-04-03T13:55:14.889Z info: Server running on http://localhost:8004
2025-04-03T13:55:14.889Z info: Server running on http://localhost:8004
2025-04-03T13:55:37.316Z info: Server running on http://localhost:8004
2025-04-03T13:55:37.316Z info: Server running on http://localhost:8004
2025-04-03T13:55:55.502Z info: Server running on http://localhost:8004
2025-04-03T13:55:55.502Z info: Server running on http://localhost:8004
2025-04-03T13:56:36.222Z info: Server running on http://localhost:8004
2025-04-03T13:56:36.222Z info: Server running on http://localhost:8004
2025-04-03T13:56:46.640Z info: Server running on http://localhost:8004
2025-04-03T13:56:46.640Z info: Server running on http://localhost:8004
2025-04-03T13:57:03.272Z info: Server running on http://localhost:8004
2025-04-03T13:57:03.272Z info: Server running on http://localhost:8004
2025-04-03T13:58:11.004Z info: Server running on http://localhost:8004
2025-04-03T13:58:11.004Z info: Server running on http://localhost:8004
2025-04-03T13:58:36.715Z info: Server running on http://localhost:8004
2025-04-03T13:58:36.715Z info: Server running on http://localhost:8004
2025-04-03T13:58:51.182Z info: Server running on http://localhost:8004
2025-04-03T13:58:51.182Z info: Server running on http://localhost:8004
2025-04-03T13:59:17.735Z info: Server running on http://localhost:8004
2025-04-03T13:59:17.735Z info: Server running on http://localhost:8004
2025-04-03T13:59:24.627Z info: Server running on http://localhost:8004
2025-04-03T13:59:24.627Z info: Server running on http://localhost:8004
2025-04-03T13:59:56.905Z info: Server running on http://localhost:8004
2025-04-03T13:59:56.905Z info: Server running on http://localhost:8004
2025-04-03T14:00:30.680Z info: Server running on http://localhost:8004
2025-04-03T14:00:30.680Z info: Server running on http://localhost:8004
2025-04-03T14:00:59.486Z info: Server running on http://localhost:8004
2025-04-03T14:00:59.486Z info: Server running on http://localhost:8004
2025-04-03T14:01:10.196Z info: Server running on http://localhost:8004
2025-04-03T14:01:10.196Z info: Server running on http://localhost:8004
2025-04-03T14:02:21.486Z info: Server running on http://localhost:8004
2025-04-03T14:02:21.486Z info: Server running on http://localhost:8004
2025-04-03T14:02:39.317Z info: Server running on http://localhost:8004
2025-04-03T14:02:39.317Z info: Server running on http://localhost:8004
2025-04-03T14:03:03.493Z info: Server running on http://localhost:8004
2025-04-03T14:03:03.493Z info: Server running on http://localhost:8004
2025-04-03T14:03:57.781Z info: Server running on http://localhost:8004
2025-04-03T14:03:57.781Z info: Server running on http://localhost:8004
2025-04-03T14:04:16.718Z info: Server running on http://localhost:8004
2025-04-03T14:04:16.718Z info: Server running on http://localhost:8004
2025-04-03T14:04:28.186Z info: Server running on http://localhost:8004
2025-04-03T14:04:28.186Z info: Server running on http://localhost:8004
2025-04-03T14:04:48.234Z info: Server running on http://localhost:8004
2025-04-03T14:04:48.234Z info: Server running on http://localhost:8004
2025-04-03T14:05:10.102Z info: Server running on http://localhost:8004
2025-04-03T14:05:10.102Z info: Server running on http://localhost:8004
2025-04-03T14:05:24.972Z info: Server running on http://localhost:8004
2025-04-03T14:05:24.972Z info: Server running on http://localhost:8004
2025-04-03T14:05:46.296Z info: Server running on http://localhost:8004
2025-04-03T14:05:46.296Z info: Server running on http://localhost:8004
2025-04-03T14:05:56.434Z info: Server running on http://localhost:8004
2025-04-03T14:05:56.434Z info: Server running on http://localhost:8004
2025-04-03T14:06:15.305Z info: Server running on http://localhost:8004
2025-04-03T14:06:15.305Z info: Server running on http://localhost:8004
2025-04-03T14:06:25.531Z info: Server running on http://localhost:8004
2025-04-03T14:06:25.531Z info: Server running on http://localhost:8004
2025-04-03T14:06:40.580Z info: Server running on http://localhost:8004
2025-04-03T14:06:40.580Z info: Server running on http://localhost:8004
2025-04-03T14:06:49.002Z info: Server running on http://localhost:8004
2025-04-03T14:06:49.002Z info: Server running on http://localhost:8004
2025-04-03T14:06:52.810Z info: Server running on http://localhost:8004
2025-04-03T14:06:52.810Z info: Server running on http://localhost:8004
2025-04-03T14:06:59.924Z info: Server running on http://localhost:8004
2025-04-03T14:06:59.924Z info: Server running on http://localhost:8004
2025-04-03T14:07:06.982Z info: Server running on http://localhost:8004
2025-04-03T14:07:06.982Z info: Server running on http://localhost:8004
2025-04-03T14:07:22.047Z info: Server running on http://localhost:8004
2025-04-03T14:07:22.047Z info: Server running on http://localhost:8004
2025-04-03T14:07:39.855Z info: Server running on http://localhost:8004
2025-04-03T14:07:39.855Z info: Server running on http://localhost:8004
2025-04-03T14:07:49.858Z info: Server running on http://localhost:8004
2025-04-03T14:07:49.858Z info: Server running on http://localhost:8004
2025-04-03T14:08:11.896Z info: Server running on http://localhost:8004
2025-04-03T14:08:11.896Z info: Server running on http://localhost:8004
2025-04-03T14:08:34.290Z info: Server running on http://localhost:8004
2025-04-03T14:08:34.290Z info: Server running on http://localhost:8004
2025-04-03T14:09:01.314Z info: Server running on http://localhost:8004
2025-04-03T14:09:01.314Z info: Server running on http://localhost:8004
2025-04-03T14:09:08.647Z info: Server running on http://localhost:8004
2025-04-03T14:09:08.647Z info: Server running on http://localhost:8004
2025-04-03T14:09:17.331Z info: Server running on http://localhost:8004
2025-04-03T14:09:17.331Z info: Server running on http://localhost:8004
2025-04-03T14:09:35.901Z info: Server running on http://localhost:8004
2025-04-03T14:09:35.901Z info: Server running on http://localhost:8004
2025-04-03T14:09:47.251Z info: Server running on http://localhost:8004
2025-04-03T14:09:47.251Z info: Server running on http://localhost:8004
2025-04-03T14:10:30.091Z info: Server running on http://localhost:8004
2025-04-03T14:10:30.091Z info: Server running on http://localhost:8004
2025-04-03T14:10:51.928Z info: Server running on http://localhost:8004
2025-04-03T14:10:51.928Z info: Server running on http://localhost:8004
2025-04-03T14:11:19.180Z info: Server running on http://localhost:8004
2025-04-03T14:11:19.180Z info: Server running on http://localhost:8004
2025-04-03T14:11:46.102Z info: Server running on http://localhost:8004
2025-04-03T14:11:46.102Z info: Server running on http://localhost:8004
2025-04-03T14:13:05.960Z info: Server running on http://localhost:8004
2025-04-03T14:13:05.960Z info: Server running on http://localhost:8004
2025-04-03T14:13:57.406Z info: Server running on http://localhost:8004
2025-04-03T14:13:57.406Z info: Server running on http://localhost:8004
2025-04-03T14:14:12.864Z info: Server running on http://localhost:8004
2025-04-03T14:14:12.864Z info: Server running on http://localhost:8004
2025-04-03T14:14:43.373Z info: Server running on http://localhost:8004
2025-04-03T14:14:43.373Z info: Server running on http://localhost:8004
2025-04-03T14:15:05.772Z info: Server running on http://localhost:8004
2025-04-03T14:15:05.772Z info: Server running on http://localhost:8004
2025-04-03T14:15:21.372Z info: Server running on http://localhost:8004
2025-04-03T14:15:21.372Z info: Server running on http://localhost:8004
2025-04-03T14:15:28.677Z info: Server running on http://localhost:8004
2025-04-03T14:15:28.677Z info: Server running on http://localhost:8004
2025-04-03T14:16:31.440Z info: Server running on http://localhost:8004
2025-04-03T14:16:31.440Z info: Server running on http://localhost:8004
2025-04-03T14:17:06.257Z info: Server running on http://localhost:8004
2025-04-03T14:17:06.257Z info: Server running on http://localhost:8004
2025-04-03T14:18:17.622Z info: Server running on http://localhost:8004
2025-04-03T14:18:17.622Z info: Server running on http://localhost:8004
2025-04-03T14:18:24.308Z info: Server running on http://localhost:8004
2025-04-03T14:18:24.308Z info: Server running on http://localhost:8004
2025-04-03T14:18:32.965Z info: Server running on http://localhost:8004
2025-04-03T14:18:32.965Z info: Server running on http://localhost:8004
2025-04-03T14:18:47.493Z info: Server running on http://localhost:8004
2025-04-03T14:18:47.493Z info: Server running on http://localhost:8004
2025-04-03T14:18:53.551Z info: Server running on http://localhost:8004
2025-04-03T14:18:53.551Z info: Server running on http://localhost:8004
2025-04-03T14:19:55.697Z info: Server running on http://localhost:8004
2025-04-03T14:19:55.697Z info: Server running on http://localhost:8004
2025-04-03T14:20:29.974Z info: Server running on http://localhost:8004
2025-04-03T14:20:29.974Z info: Server running on http://localhost:8004
2025-04-03T14:20:39.443Z info: Server running on http://localhost:8004
2025-04-03T14:20:39.443Z info: Server running on http://localhost:8004
2025-04-03T14:20:53.904Z info: Server running on http://localhost:8004
2025-04-03T14:20:53.904Z info: Server running on http://localhost:8004
2025-04-03T14:21:01.768Z info: Server running on http://localhost:8004
2025-04-03T14:21:01.768Z info: Server running on http://localhost:8004
2025-04-03T14:21:11.394Z info: Server running on http://localhost:8004
2025-04-03T14:21:11.394Z info: Server running on http://localhost:8004
2025-04-03T14:21:37.147Z info: Server running on http://localhost:8004
2025-04-03T14:21:37.147Z info: Server running on http://localhost:8004
2025-04-03T14:21:48.045Z info: Server running on http://localhost:8004
2025-04-03T14:21:48.045Z info: Server running on http://localhost:8004
2025-04-03T14:22:17.854Z info: Server running on http://localhost:8004
2025-04-03T14:22:17.854Z info: Server running on http://localhost:8004
2025-04-03T14:22:24.052Z info: Server running on http://localhost:8004
2025-04-03T14:22:24.052Z info: Server running on http://localhost:8004
2025-04-03T14:22:34.116Z info: Server running on http://localhost:8004
2025-04-03T14:22:34.116Z info: Server running on http://localhost:8004
2025-04-03T14:23:10.853Z info: Server running on http://localhost:8004
2025-04-03T14:23:10.853Z info: Server running on http://localhost:8004
2025-04-03T14:23:55.349Z info: Server running on http://localhost:8004
2025-04-03T14:23:55.349Z info: Server running on http://localhost:8004
2025-04-03T14:23:58.356Z info: Server running on http://localhost:8004
2025-04-03T14:23:58.356Z info: Server running on http://localhost:8004
2025-04-03T14:24:06.478Z info: Server running on http://localhost:8004
2025-04-03T14:24:06.478Z info: Server running on http://localhost:8004
2025-04-03T14:24:59.658Z info: Server running on http://localhost:8004
2025-04-03T14:24:59.658Z info: Server running on http://localhost:8004
2025-04-03T14:25:17.906Z info: Server running on http://localhost:8004
2025-04-03T14:25:17.906Z info: Server running on http://localhost:8004
2025-04-03T14:25:24.331Z info: Server running on http://localhost:8004
2025-04-03T14:25:24.331Z info: Server running on http://localhost:8004
2025-04-03T14:25:35.510Z info: Server running on http://localhost:8004
2025-04-03T14:25:35.510Z info: Server running on http://localhost:8004
2025-04-03T14:26:04.552Z info: Server running on http://localhost:8004
2025-04-03T14:26:04.552Z info: Server running on http://localhost:8004
2025-04-03T14:26:09.732Z info: Server running on http://localhost:8004
2025-04-03T14:26:09.732Z info: Server running on http://localhost:8004
2025-04-03T14:26:18.361Z info: Server running on http://localhost:8004
2025-04-03T14:26:18.361Z info: Server running on http://localhost:8004
2025-04-03T14:26:29.740Z info: Server running on http://localhost:8004
2025-04-03T14:26:29.740Z info: Server running on http://localhost:8004
2025-04-03T14:26:40.407Z info: Server running on http://localhost:8004
2025-04-03T14:26:40.407Z info: Server running on http://localhost:8004
2025-04-03T14:27:03.463Z info: Server running on http://localhost:8004
2025-04-03T14:27:03.463Z info: Server running on http://localhost:8004
2025-04-03T14:27:15.164Z info: Server running on http://localhost:8004
2025-04-03T14:27:15.164Z info: Server running on http://localhost:8004
2025-04-03T14:27:35.211Z info: Server running on http://localhost:8004
2025-04-03T14:27:35.211Z info: Server running on http://localhost:8004
2025-04-03T14:28:18.482Z info: Server running on http://localhost:8004
2025-04-03T14:28:18.482Z info: Server running on http://localhost:8004
2025-04-03T14:28:28.349Z info: Server running on http://localhost:8004
2025-04-03T14:28:28.349Z info: Server running on http://localhost:8004
2025-04-03T14:28:34.806Z info: Server running on http://localhost:8004
2025-04-03T14:28:34.806Z info: Server running on http://localhost:8004
2025-04-03T14:29:28.215Z info: Server running on http://localhost:8004
2025-04-03T14:29:28.215Z info: Server running on http://localhost:8004
2025-04-03T14:30:07.497Z info: Server running on http://localhost:8004
2025-04-03T14:30:07.497Z info: Server running on http://localhost:8004
2025-04-03T14:30:22.245Z info: Server running on http://localhost:8004
2025-04-03T14:30:22.245Z info: Server running on http://localhost:8004
2025-04-03T14:30:32.358Z info: Server running on http://localhost:8004
2025-04-03T14:30:32.358Z info: Server running on http://localhost:8004
2025-04-03T14:30:50.156Z info: Server running on http://localhost:8004
2025-04-03T14:30:50.156Z info: Server running on http://localhost:8004
2025-04-03T14:31:11.186Z info: Server running on http://localhost:8004
2025-04-03T14:31:11.186Z info: Server running on http://localhost:8004
2025-04-03T14:32:51.319Z info: Server running on http://localhost:8004
2025-04-03T14:32:51.319Z info: Server running on http://localhost:8004
2025-04-03T14:32:57.318Z info: Server running on http://localhost:8004
2025-04-03T14:32:57.318Z info: Server running on http://localhost:8004
2025-04-03T14:33:26.571Z info: Server running on http://localhost:8004
2025-04-03T14:33:26.571Z info: Server running on http://localhost:8004
2025-04-03T14:34:14.940Z info: Server running on http://localhost:8004
2025-04-03T14:34:14.940Z info: Server running on http://localhost:8004
2025-04-03T14:35:14.829Z info: Server running on http://localhost:8004
2025-04-03T14:35:14.829Z info: Server running on http://localhost:8004
2025-04-03T14:35:35.085Z info: Server running on http://localhost:8004
2025-04-03T14:35:35.085Z info: Server running on http://localhost:8004
2025-04-03T14:35:42.566Z info: Server running on http://localhost:8004
2025-04-03T14:35:42.566Z info: Server running on http://localhost:8004
2025-04-03T14:37:29.522Z info: Server running on http://localhost:8004
2025-04-03T14:37:29.522Z info: Server running on http://localhost:8004
2025-04-03T14:38:39.207Z info: Server running on http://localhost:8004
2025-04-03T14:38:39.207Z info: Server running on http://localhost:8004
2025-04-03T14:38:47.567Z info: Server running on http://localhost:8004
2025-04-03T14:38:47.567Z info: Server running on http://localhost:8004
2025-04-03T14:40:15.136Z info: Server running on http://localhost:8004
2025-04-03T14:40:15.136Z info: Server running on http://localhost:8004
2025-04-03T14:40:22.485Z info: Server running on http://localhost:8004
2025-04-03T14:40:22.485Z info: Server running on http://localhost:8004
2025-04-03T14:40:46.969Z info: Server running on http://localhost:8004
2025-04-03T14:40:46.969Z info: Server running on http://localhost:8004
2025-04-03T14:40:51.491Z info: Server running on http://localhost:8004
2025-04-03T14:40:51.491Z info: Server running on http://localhost:8004
2025-04-03T14:41:11.866Z info: Server running on http://localhost:8004
2025-04-03T14:41:11.866Z info: Server running on http://localhost:8004
2025-04-03T14:41:19.124Z info: Server running on http://localhost:8004
2025-04-03T14:41:19.124Z info: Server running on http://localhost:8004
2025-04-03T14:41:39.011Z info: Server running on http://localhost:8004
2025-04-03T14:41:39.011Z info: Server running on http://localhost:8004
2025-04-03T14:42:19.106Z info: Server running on http://localhost:8004
2025-04-03T14:42:19.106Z info: Server running on http://localhost:8004
2025-04-03T14:42:37.256Z info: Server running on http://localhost:8004
2025-04-03T14:42:37.256Z info: Server running on http://localhost:8004
2025-04-03T14:43:28.785Z info: Server running on http://localhost:8004
2025-04-03T14:43:28.785Z info: Server running on http://localhost:8004
2025-04-03T14:43:32.251Z info: Server running on http://localhost:8004
2025-04-03T14:43:32.251Z info: Server running on http://localhost:8004
2025-04-03T14:43:36.186Z info: Server running on http://localhost:8004
2025-04-03T14:43:36.186Z info: Server running on http://localhost:8004
2025-04-03T14:43:44.364Z info: Server running on http://localhost:8004
2025-04-03T14:43:44.364Z info: Server running on http://localhost:8004
2025-04-03T14:44:34.513Z info: Server running on http://localhost:8004
2025-04-03T14:44:34.513Z info: Server running on http://localhost:8004
2025-04-03T14:44:39.874Z info: Server running on http://localhost:8004
2025-04-03T14:44:39.874Z info: Server running on http://localhost:8004
2025-04-03T14:44:58.102Z info: Server running on http://localhost:8004
2025-04-03T14:44:58.102Z info: Server running on http://localhost:8004
2025-04-03T14:45:10.621Z info: Server running on http://localhost:8004
2025-04-03T14:45:10.621Z info: Server running on http://localhost:8004
