2025-04-12T11:03:54.963Z error: Error getting convenience fees: Operation `websitedatas.findOne()` buffering timed out after 10000ms
2025-04-12T11:03:54.963Z error: Error getting convenience fees: Operation `websitedatas.findOne()` buffering timed out after 10000ms
2025-04-12T11:03:55.001Z error: Error Fetching Options Operation `options.find()` buffering timed out after 10000ms
2025-04-12T11:03:55.001Z error: Error Fetching Options Operation `options.find()` buffering timed out after 10000ms
2025-04-12T11:03:55.041Z error: Error OTP Error while getting user: Operation `users.findOne()` buffering timed out after 10000ms
2025-04-12T11:03:55.064Z error: Error OTP Error while getting user: Operation `users.findOne()` buffering timed out after 10000ms
2025-04-12T11:03:55.126Z error: Error getting website disclaimers Operation `websitedatas.findOne()` buffering timed out after 10000ms
2025-04-12T11:03:55.191Z error: Error While Fetching Terms and Conditions: Operation `websitedatas.findOne()` buffering timed out after 10000ms
2025-04-12T11:03:55.271Z error: Error Fetching Products: Operation `products.find()` buffering timed out after 10000ms
2025-04-12T11:03:55.315Z error: Error OTP Error while getting user: Operation `users.findOne()` buffering timed out after 10000ms
2025-04-12T11:03:55.385Z error: Error fetching random products: Operation `products.aggregate()` buffering timed out after 10000ms
2025-04-12T11:03:55.468Z error: Error OTP Error while getting user: Operation `users.findOne()` buffering timed out after 10000ms
2025-04-12T11:03:55.041Z error: Error OTP Error while getting user: Operation `users.findOne()` buffering timed out after 10000ms
2025-04-12T11:03:55.064Z error: Error OTP Error while getting user: Operation `users.findOne()` buffering timed out after 10000ms
2025-04-12T11:03:55.126Z error: Error getting website disclaimers Operation `websitedatas.findOne()` buffering timed out after 10000ms
2025-04-12T11:03:55.191Z error: Error While Fetching Terms and Conditions: Operation `websitedatas.findOne()` buffering timed out after 10000ms
2025-04-12T11:03:55.271Z error: Error Fetching Products: Operation `products.find()` buffering timed out after 10000ms
2025-04-12T11:03:55.315Z error: Error OTP Error while getting user: Operation `users.findOne()` buffering timed out after 10000ms
2025-04-12T11:03:55.385Z error: Error fetching random products: Operation `products.aggregate()` buffering timed out after 10000ms
2025-04-12T11:03:55.468Z error: Error OTP Error while getting user: Operation `users.findOne()` buffering timed out after 10000ms
2025-04-12T11:04:05.033Z error: Error getting Banners: Operation `banner.images.find()` buffering timed out after 10000ms
2025-04-12T11:04:05.033Z error: Error getting Banners: Operation `banner.images.find()` buffering timed out after 10000ms
2025-04-12T11:04:05.603Z error: Error fetching Category Banners: Operation `category.banners.find()` buffering timed out after 10000ms
2025-04-12T11:04:05.603Z error: Error fetching Category Banners: Operation `category.banners.find()` buffering timed out after 10000ms
2025-04-12T11:04:05.692Z error: Error in allProductsNoFillter: Operation `products.find()` buffering timed out after 10000ms
2025-04-12T11:04:05.692Z error: Error in allProductsNoFillter: Operation `products.find()` buffering timed out after 10000ms
2025-04-12T11:04:05.696Z error: Error Fetching Options Operation `options.find()` buffering timed out after 10000ms
2025-04-12T11:04:05.700Z error: Error getting convenience fees: Operation `websitedatas.findOne()` buffering timed out after 10000ms
2025-04-12T11:04:05.702Z error: Error Fetching Options Operation `options.find()` buffering timed out after 10000ms
2025-04-12T11:04:05.696Z error: Error Fetching Options Operation `options.find()` buffering timed out after 10000ms
2025-04-12T11:04:05.700Z error: Error getting convenience fees: Operation `websitedatas.findOne()` buffering timed out after 10000ms
2025-04-12T11:04:05.702Z error: Error Fetching Options Operation `options.find()` buffering timed out after 10000ms
2025-04-12T11:04:15.053Z error: Error While Fetching Terms and Conditions: Operation `websitedatas.findOne()` buffering timed out after 10000ms
2025-04-12T11:04:15.053Z error: Error While Fetching Terms and Conditions: Operation `websitedatas.findOne()` buffering timed out after 10000ms
2025-04-12T11:04:15.713Z error: Error Fetching Options Operation `options.find()` buffering timed out after 10000ms
2025-04-12T11:04:15.713Z error: Error Fetching Options Operation `options.find()` buffering timed out after 10000ms
2025-04-12T11:04:16.333Z error: Error tracking visit: Operation `visits.insertOne()` buffering timed out after 10000ms
2025-04-12T11:04:16.333Z error: Error tracking visit: Operation `visits.insertOne()` buffering timed out after 10000ms
