2025-03-27T15:29:57.792Z error: Error getting convenience fees: Operation `websitedatas.findOne()` buffering timed out after 10000ms
2025-03-27T15:29:57.792Z error: Error getting convenience fees: Operation `websitedatas.findOne()` buffering timed out after 10000ms
2025-03-27T15:29:57.970Z error: Error Fetching Options Operation `options.find()` buffering timed out after 10000ms
2025-03-27T15:29:57.970Z error: Error Fetching Options Operation `options.find()` buffering timed out after 10000ms
2025-03-27T15:29:57.984Z error: Error fetching random products: Operation `products.aggregate()` buffering timed out after 10000ms
2025-03-27T15:29:58.013Z error: Error getting website disclaimers Operation `websitedatas.findOne()` buffering timed out after 10000ms
2025-03-27T15:29:58.033Z error: Error While Fetching Terms and Conditions: Operation `websitedatas.findOne()` buffering timed out after 10000ms
2025-03-27T15:29:58.057Z error: Error getting Banners: Operation `banner.images.find()` buffering timed out after 10000ms
2025-03-27T15:29:57.984Z error: Error fetching random products: Operation `products.aggregate()` buffering timed out after 10000ms
2025-03-27T15:29:58.013Z error: Error getting website disclaimers Operation `websitedatas.findOne()` buffering timed out after 10000ms
2025-03-27T15:29:58.033Z error: Error While Fetching Terms and Conditions: Operation `websitedatas.findOne()` buffering timed out after 10000ms
2025-03-27T15:29:58.057Z error: Error getting Banners: Operation `banner.images.find()` buffering timed out after 10000ms
2025-03-27T15:30:07.976Z error: Error Fetching Products: Operation `products.find()` buffering timed out after 10000ms
2025-03-27T15:30:07.976Z error: Error Fetching Products: Operation `products.find()` buffering timed out after 10000ms
2025-03-27T15:30:08.086Z error: Error fetching Category Banners: Operation `category.banners.find()` buffering timed out after 10000ms
2025-03-27T15:30:08.086Z error: Error fetching Category Banners: Operation `category.banners.find()` buffering timed out after 10000ms
2025-03-27T15:30:08.100Z error: Error Fetching Options Operation `options.find()` buffering timed out after 10000ms
2025-03-27T15:30:08.100Z error: Error Fetching Options Operation `options.find()` buffering timed out after 10000ms
2025-03-27T15:30:08.115Z error: Error getting coupon banner data: Operation `websitedatas.findOne()` buffering timed out after 10000ms
2025-03-27T15:30:08.115Z error: Error getting coupon banner data: Operation `websitedatas.findOne()` buffering timed out after 10000ms
2025-03-27T15:30:08.129Z error: Error getting convenience fees: Operation `websitedatas.findOne()` buffering timed out after 10000ms
2025-03-27T15:30:08.138Z error: Error Fetching Options Operation `options.find()` buffering timed out after 10000ms
2025-03-27T15:30:08.129Z error: Error getting convenience fees: Operation `websitedatas.findOne()` buffering timed out after 10000ms
2025-03-27T15:30:08.138Z error: Error Fetching Options Operation `options.find()` buffering timed out after 10000ms
2025-03-27T15:30:18.001Z error: Error fetching random products: Operation `products.aggregate()` buffering timed out after 10000ms
2025-03-27T15:30:18.001Z error: Error fetching random products: Operation `products.aggregate()` buffering timed out after 10000ms
2025-03-27T15:30:18.110Z error: Error While Fetching Terms and Conditions: Operation `websitedatas.findOne()` buffering timed out after 10000ms
2025-03-27T15:30:18.110Z error: Error While Fetching Terms and Conditions: Operation `websitedatas.findOne()` buffering timed out after 10000ms
2025-03-27T15:30:18.173Z error: Error Fetching Options Operation `options.find()` buffering timed out after 10000ms
2025-03-27T15:30:18.173Z error: Error Fetching Options Operation `options.find()` buffering timed out after 10000ms
