2025-03-21T18:56:02.447Z error: Error occured during creating order Cast to ObjectId failed for value "788910175" (type string) at path "_id" for model "order"
2025-03-21T18:56:02.447Z error: Error occured during creating order Cast to ObjectId failed for value "788910175" (type string) at path "_id" for model "order"
2025-03-21T20:41:11.283Z error: Error while getting bag: No document found for query "{ _id: new ObjectId("67dda91c89ccd5c82a3c1870") }" on model "Bag"
2025-03-21T20:41:11.283Z error: Error while getting bag: No document found for query "{ _id: new ObjectId("67dda91c89ccd5c82a3c1870") }" on model "Bag"
2025-03-21T20:41:11.300Z error: Error while getting bag: No document found for query "{ _id: new ObjectId("67dda91c89ccd5c82a3c1870") }" on model "Bag"
2025-03-21T20:41:11.300Z error: Error while getting bag: No document found for query "{ _id: new ObjectId("67dda91c89ccd5c82a3c1870") }" on model "Bag"
2025-03-21T20:42:38.766Z error: Error while getting bag: No document found for query "{ _id: new ObjectId("67ddcf13db444d89c2eec459") }" on model "Bag"
2025-03-21T20:42:38.766Z error: Error while getting bag: No document found for query "{ _id: new ObjectId("67ddcf13db444d89c2eec459") }" on model "Bag"
2025-03-21T20:42:38.771Z error: Error while getting bag: No document found for query "{ _id: new ObjectId("67ddcf13db444d89c2eec459") }" on model "Bag"
2025-03-21T20:42:38.771Z error: Error while getting bag: No document found for query "{ _id: new ObjectId("67ddcf13db444d89c2eec459") }" on model "Bag"
2025-03-21T20:45:19.860Z error: Error while getting bag: No document found for query "{ _id: new ObjectId("67ddcf5ce789787e638c0de8") }" on model "Bag"
2025-03-21T20:45:19.860Z error: Error while getting bag: No document found for query "{ _id: new ObjectId("67ddcf5ce789787e638c0de8") }" on model "Bag"
2025-03-21T20:45:19.868Z error: Error while getting bag: No document found for query "{ _id: new ObjectId("67ddcf5ce789787e638c0de8") }" on model "Bag"
2025-03-21T20:45:19.868Z error: Error while getting bag: No document found for query "{ _id: new ObjectId("67ddcf5ce789787e638c0de8") }" on model "Bag"
2025-03-21T20:45:30.392Z error: Error while getting bag: No document found for query "{ _id: new ObjectId("67ddcfe5804b3489b540962d") }" on model "Bag"
2025-03-21T20:45:30.392Z error: Error while getting bag: No document found for query "{ _id: new ObjectId("67ddcfe5804b3489b540962d") }" on model "Bag"
2025-03-21T20:45:30.399Z error: Error while getting bag: No document found for query "{ _id: new ObjectId("67ddcfe5804b3489b540962d") }" on model "Bag"
2025-03-21T20:45:30.399Z error: Error while getting bag: No document found for query "{ _id: new ObjectId("67ddcfe5804b3489b540962d") }" on model "Bag"
2025-03-21T20:46:42.460Z error: Error while getting bag: No document found for query "{ _id: new ObjectId("67ddd02e166d72cecfd0ed37") }" on model "Bag"
2025-03-21T20:46:42.460Z error: Error while getting bag: No document found for query "{ _id: new ObjectId("67ddd02e166d72cecfd0ed37") }" on model "Bag"
2025-03-21T20:46:42.467Z error: Error while getting bag: No document found for query "{ _id: new ObjectId("67ddd02e166d72cecfd0ed37") }" on model "Bag"
2025-03-21T20:46:42.467Z error: Error while getting bag: No document found for query "{ _id: new ObjectId("67ddd02e166d72cecfd0ed37") }" on model "Bag"
2025-03-22T05:45:18.885Z error: Error fetching random products: Operation `products.aggregate()` buffering timed out after 10000ms
2025-03-22T05:45:18.885Z error: Error fetching random products: Operation `products.aggregate()` buffering timed out after 10000ms
2025-03-22T05:45:18.904Z error: Error getting convenience fees: Operation `websitedatas.findOne()` buffering timed out after 10000ms
2025-03-22T05:45:18.909Z error: Error Fetching Options Operation `options.find()` buffering timed out after 10000ms
2025-03-22T05:45:18.904Z error: Error getting convenience fees: Operation `websitedatas.findOne()` buffering timed out after 10000ms
2025-03-22T05:45:18.909Z error: Error Fetching Options Operation `options.find()` buffering timed out after 10000ms
2025-03-22T05:45:18.928Z error: Error getting website disclaimers Operation `websitedatas.findOne()` buffering timed out after 10000ms
2025-03-22T05:45:18.933Z error: Error While Fetching Terms and Conditions: Operation `websitedatas.findOne()` buffering timed out after 10000ms
2025-03-22T05:45:18.937Z error: Error getting Banners: Operation `banner.images.find()` buffering timed out after 10000ms
2025-03-22T05:45:18.928Z error: Error getting website disclaimers Operation `websitedatas.findOne()` buffering timed out after 10000ms
2025-03-22T05:45:18.933Z error: Error While Fetching Terms and Conditions: Operation `websitedatas.findOne()` buffering timed out after 10000ms
2025-03-22T05:45:18.937Z error: Error getting Banners: Operation `banner.images.find()` buffering timed out after 10000ms
2025-03-22T05:45:28.927Z error: Error fetching Category Banners: Operation `category.banners.find()` buffering timed out after 10000ms
2025-03-22T05:45:28.927Z error: Error fetching Category Banners: Operation `category.banners.find()` buffering timed out after 10000ms
2025-03-22T05:45:28.933Z error: Error Fetching Products: Operation `products.find()` buffering timed out after 10000ms
2025-03-22T05:45:28.933Z error: Error Fetching Products: Operation `products.find()` buffering timed out after 10000ms
2025-03-22T05:45:28.958Z error: Error Fetching Options Operation `options.find()` buffering timed out after 10000ms
2025-03-22T05:45:28.958Z error: Error Fetching Options Operation `options.find()` buffering timed out after 10000ms
2025-03-22T05:45:28.966Z error: Error getting coupon banner data: Operation `websitedatas.findOne()` buffering timed out after 10000ms
2025-03-22T05:45:28.972Z error: Error fetching random products: Operation `products.aggregate()` buffering timed out after 10000ms
2025-03-22T05:45:28.977Z error: Error getting convenience fees: Operation `websitedatas.findOne()` buffering timed out after 10000ms
2025-03-22T05:45:28.966Z error: Error getting coupon banner data: Operation `websitedatas.findOne()` buffering timed out after 10000ms
2025-03-22T05:45:28.972Z error: Error fetching random products: Operation `products.aggregate()` buffering timed out after 10000ms
2025-03-22T05:45:28.977Z error: Error getting convenience fees: Operation `websitedatas.findOne()` buffering timed out after 10000ms
